Component: Arm Compiler for Embedded 6.24 Tool: armlink [5f371500]

==============================================================================

Section Cross References

    startup_stm32g4a1xx.o(RESET) refers to startup_stm32g4a1xx.o(STACK) for __initial_sp
    startup_stm32g4a1xx.o(RESET) refers to startup_stm32g4a1xx.o(.text) for Reset_Handler
    startup_stm32g4a1xx.o(RESET) refers to stm32g4xx_it.o(.text.NMI_Handler) for NMI_Handler
    startup_stm32g4a1xx.o(RESET) refers to stm32g4xx_it.o(.text.HardFault_Handler) for HardFault_Handler
    startup_stm32g4a1xx.o(RESET) refers to stm32g4xx_it.o(.text.MemManage_Handler) for MemManage_Handler
    startup_stm32g4a1xx.o(RESET) refers to stm32g4xx_it.o(.text.BusFault_Handler) for BusFault_Handler
    startup_stm32g4a1xx.o(RESET) refers to stm32g4xx_it.o(.text.UsageFault_Handler) for UsageFault_Handler
    startup_stm32g4a1xx.o(RESET) refers to stm32g4xx_it.o(.text.SVC_Handler) for SVC_Handler
    startup_stm32g4a1xx.o(RESET) refers to stm32g4xx_it.o(.text.DebugMon_Handler) for DebugMon_Handler
    startup_stm32g4a1xx.o(RESET) refers to stm32g4xx_it.o(.text.PendSV_Handler) for PendSV_Handler
    startup_stm32g4a1xx.o(RESET) refers to stm32g4xx_it.o(.text.SysTick_Handler) for SysTick_Handler
    startup_stm32g4a1xx.o(RESET) refers to stm32g4xx_it.o(.text.EXTI4_IRQHandler) for EXTI4_IRQHandler
    startup_stm32g4a1xx.o(RESET) refers to stm32g4xx_it.o(.text.DMA1_Channel1_IRQHandler) for DMA1_Channel1_IRQHandler
    startup_stm32g4a1xx.o(RESET) refers to stm32g4xx_it.o(.text.DMA1_Channel2_IRQHandler) for DMA1_Channel2_IRQHandler
    startup_stm32g4a1xx.o(RESET) refers to stm32g4xx_it.o(.text.DMA1_Channel3_IRQHandler) for DMA1_Channel3_IRQHandler
    startup_stm32g4a1xx.o(RESET) refers to stm32g4xx_it.o(.text.DMA1_Channel4_IRQHandler) for DMA1_Channel4_IRQHandler
    startup_stm32g4a1xx.o(RESET) refers to stm32g4xx_it.o(.text.TIM3_IRQHandler) for TIM3_IRQHandler
    startup_stm32g4a1xx.o(RESET) refers to stm32g4xx_it.o(.text.TIM4_IRQHandler) for TIM4_IRQHandler
    startup_stm32g4a1xx.o(RESET) refers to stm32g4xx_it.o(.text.USART1_IRQHandler) for USART1_IRQHandler
    startup_stm32g4a1xx.o(RESET) refers to stm32g4xx_it.o(.text.USART2_IRQHandler) for USART2_IRQHandler
    startup_stm32g4a1xx.o(RESET) refers to stm32g4xx_it.o(.text.TIM6_DAC_IRQHandler) for TIM6_DAC_IRQHandler
    startup_stm32g4a1xx.o(.text) refers to system_stm32g4xx.o(.text.SystemInit) for SystemInit
    startup_stm32g4a1xx.o(.text) refers to entry.o(.ARM.Collect$$$$00000000) for __main
    main.o(.text.main) refers to stm32g4xx_hal.o(.text.HAL_Init) for HAL_Init
    main.o(.text.main) refers to memseta.o(.text) for __aeabi_memclr4
    main.o(.text.main) refers to stm32g4xx_hal_pwr_ex.o(.text.HAL_PWREx_ControlVoltageScaling) for HAL_PWREx_ControlVoltageScaling
    main.o(.text.main) refers to stm32g4xx_hal_rcc.o(.text.HAL_RCC_OscConfig) for HAL_RCC_OscConfig
    main.o(.text.main) refers to stm32g4xx_hal_rcc.o(.text.HAL_RCC_ClockConfig) for HAL_RCC_ClockConfig
    main.o(.text.main) refers to gpio.o(.text.MX_GPIO_Init) for MX_GPIO_Init
    main.o(.text.main) refers to dma.o(.text.MX_DMA_Init) for MX_DMA_Init
    main.o(.text.main) refers to adc.o(.text.MX_ADC2_Init) for MX_ADC2_Init
    main.o(.text.main) refers to i2c.o(.text.MX_I2C1_Init) for MX_I2C1_Init
    main.o(.text.main) refers to tim.o(.text.MX_TIM3_Init) for MX_TIM3_Init
    main.o(.text.main) refers to tim.o(.text.MX_TIM4_Init) for MX_TIM4_Init
    main.o(.text.main) refers to usart.o(.text.MX_USART1_UART_Init) for MX_USART1_UART_Init
    main.o(.text.main) refers to usart.o(.text.MX_USART2_UART_Init) for MX_USART2_UART_Init
    main.o(.text.main) refers to cordic.o(.text.MX_CORDIC_Init) for MX_CORDIC_Init
    main.o(.text.main) refers to tim.o(.text.MX_TIM6_Init) for MX_TIM6_Init
    main.o(.text.main) refers to main.o(.bss.current_params) for current_params
    main.o(.text.main) refers to tim.o(.bss.htim4) for htim4
    main.o(.text.main) refers to stm32g4xx_hal_tim.o(.text.HAL_TIM_PWM_Start) for HAL_TIM_PWM_Start
    main.o(.text.main) refers to stm32g4xx_hal_tim.o(.text.HAL_TIM_Base_Start_IT) for HAL_TIM_Base_Start_IT
    main.o(.text.main) refers to tim.o(.bss.htim6) for htim6
    main.o(.text.main) refers to usart.o(.bss.huart1) for huart1
    main.o(.text.main) refers to main.o(.bss.sbus) for sbus
    main.o(.text.main) refers to stm32g4xx_hal_uart.o(.text.HAL_UART_Receive_DMA) for HAL_UART_Receive_DMA
    main.o(.text.main) refers to main.o(.rodata.str1.4) for .L__const.process_ch5_switch.disable_msg
    main.o(.text.main) refers to main.o(.bss.ch5_last_state) for ch5_last_state
    main.o(.text.main) refers to main.o(.bss.servo_enable_flag) for servo_enable_flag
    main.o(.text.main) refers to main.o(.bss.last_update_time) for last_update_time
    main.o(.text.main) refers to stm32g4xx_hal.o(.text.HAL_Delay) for HAL_Delay
    main.o(.text.main) refers to main.o(.text.parse_sbus_frame) for parse_sbus_frame
[...]
    __lit__00000000                          0x080001e8   Data           4  entry2.o(.ARM.Collect$$$$00002712)
    .ARM.Collect$$$$0000000D                 0x080001e8   Section        0  entry10a.o(.ARM.Collect$$$$0000000D)
    .ARM.Collect$$$$0000000F                 0x080001e8   Section        0  entry11a.o(.ARM.Collect$$$$0000000F)
    .ARM.Collect$$$$00002712                 0x080001e8   Section        4  entry2.o(.ARM.Collect$$$$00002712)
    $v0                                      0x080001ec   Number         0  startup_stm32g4a1xx.o(.text)
    .text                                    0x080001ec   Section       36  startup_stm32g4a1xx.o(.text)
    .text                                    0x08000210   Section        0  uldiv.o(.text)
    .text                                    0x08000272   Section        0  memseta.o(.text)
    .text                                    0x08000296   Section        0  strlen.o(.text)
    .text                                    0x080002a4   Section        0  f2d.o(.text)
    .text                                    0x080002ca   Section        0  uidiv.o(.text)
    .text                                    0x080002f6   Section        0  llshl.o(.text)
    .text                                    0x08000314   Section        0  llushr.o(.text)
    .text                                    0x08000334   Section        0  iusefp.o(.text)
    .text                                    0x08000334   Section        0  frem.o(.text)
    .text                                    0x08000386   Section        0  dadd.o(.text)
    .text                                    0x080004d4   Section        0  dmul.o(.text)
    .text                                    0x080005b8   Section        0  ddiv.o(.text)
    .text                                    0x08000696   Section        0  dfixul.o(.text)
    .text                                    0x080006c8   Section       48  cdrcmple.o(.text)
    .text                                    0x080006f8   Section       48  init.o(.text)
    .text                                    0x08000728   Section        0  llsshr.o(.text)
    .text                                    0x0800074c   Section        0  fepilogue.o(.text)
    .text                                    0x080007ba   Section        0  depilogue.o(.text)
    [Anonymous Symbol]                       0x08000874   Section        0  stm32g4xx_it.o(.text.BusFault_Handler)
    [Anonymous Symbol]                       0x08000878   Section        0  stm32g4xx_it.o(.text.DMA1_Channel1_IRQHandler)
    [Anonymous Symbol]                       0x08000884   Section        0  stm32g4xx_it.o(.text.DMA1_Channel2_IRQHandler)
    [Anonymous Symbol]                       0x08000890   Section        0  stm32g4xx_it.o(.text.DMA1_Channel3_IRQHandler)
    [Anonymous Symbol]                       0x0800089c   Section        0  stm32g4xx_it.o(.text.DMA1_Channel4_IRQHandler)
    [Anonymous Symbol]                       0x080008a8   Section        0  stm32g4xx_it.o(.text.DebugMon_Handler)
    [Anonymous Symbol]                       0x080008ac   Section        0  stm32g4xx_it.o(.text.EXTI4_IRQHandler)
    [Anonymous Symbol]                       0x080008b4   Section        0  main.o(.text.Error_Handler)
    [Anonymous Symbol]                       0x080008c0   Section        0  stm32g4xx_hal_adc.o(.text.HAL_ADC_ConfigChannel)
    [Anonymous Symbol]                       0x08000c34   Section        0  stm32g4xx_hal_adc.o(.text.HAL_ADC_Init)
    [Anonymous Symbol]                       0x08000e4c   Section        0  adc.o(.text.HAL_ADC_MspInit)
    [Anonymous Symbol]                       0x08000ed8   Section        0  stm32g4xx_hal_cordic.o(.text.HAL_CORDIC_Init)
    [Anonymous Symbol]                       0x08000f14   Section        0  cordic.o(.text.HAL_CORDIC_MspInit)
    [Anonymous Symbol]                       0x08000f40   Section        0  stm32g4xx_hal_dma.o(.text.HAL_DMA_Abort)
    [Anonymous Symbol]                       0x08000fb0   Section        0  stm32g4xx_hal_dma.o(.text.HAL_DMA_Abort_IT)
    [Anonymous Symbol]                       0x08001030   Section        0  stm32g4xx_hal_dma.o(.text.HAL_DMA_GetError)
    [Anonymous Symbol]                       0x08001034   Section        0  stm32g4xx_hal_dma.o(.text.HAL_DMA_IRQHandler)
    [Anonymous Symbol]                       0x080010d0   Section        0  stm32g4xx_hal_dma.o(.text.HAL_DMA_Init)
    [Anonymous Symbol]                       0x080011f4   Section        0  stm32g4xx_hal_dma.o(.text.HAL_DMA_Start_IT)
    [Anonymous Symbol]                       0x080012d8   Section        0  stm32g4xx_hal.o(.text.HAL_Delay)
    [Anonymous Symbol]                       0x08001300   Section        0  stm32g4xx_hal_gpio.o(.text.HAL_GPIO_EXTI_Callback)
    [Anonymous Symbol]                       0x08001304   Section        0  stm32g4xx_hal_gpio.o(.text.HAL_GPIO_EXTI_IRQHandler)
    [Anonymous Symbol]                       0x0800131c   Section        0  stm32g4xx_hal_gpio.o(.text.HAL_GPIO_Init)
    [Anonymous Symbol]                       0x080014bc   Section        0  stm32g4xx_hal_gpio.o(.text.HAL_GPIO_WritePin)
    [Anonymous Symbol]                       0x080014c8   Section        0  stm32g4xx_hal.o(.text.HAL_GetTick)
    [Anonymous Symbol]                       0x080014d4   Section        0  stm32g4xx_hal_i2c_ex.o(.text.HAL_I2CEx_ConfigAnalogFilter)
    [Anonymous Symbol]                       0x08001520   Section        0  stm32g4xx_hal_i2c_ex.o(.text.HAL_I2CEx_ConfigDigitalFilter)
    [Anonymous Symbol]                       0x08001568   Section        0  stm32g4xx_hal_i2c.o(.text.HAL_I2C_Init)
    [Anonymous Symbol]                       0x08001610   Section        0  i2c.o(.text.HAL_I2C_MspInit)
    [Anonymous Symbol]                       0x080016d8   Section        0  stm32g4xx_hal.o(.text.HAL_IncTick)
    [Anonymous Symbol]                       0x080016f4   Section        0  stm32g4xx_hal.o(.text.HAL_Init)
    [Anonymous Symbol]                       0x08001714   Section        0  stm32g4xx_hal.o(.text.HAL_InitTick)
    [Anonymous Symbol]                       0x08001770   Section        0  stm32g4xx_hal_msp.o(.text.HAL_MspInit)
    [Anonymous Symbol]                       0x080017a4   Section        0  stm32g4xx_hal_cortex.o(.text.HAL_NVIC_EnableIRQ)
    [Anonymous Symbol]                       0x080017c8   Section        0  stm32g4xx_hal_cortex.o(.text.HAL_NVIC_SetPriority)
    [Anonymous Symbol]                       0x08001820   Section        0  stm32g4xx_hal_cortex.o(.text.HAL_NVIC_SetPriorityGrouping)
    [Anonymous Symbol]                       0x08001840   Section        0  stm32g4xx_hal_pwr_ex.o(.text.HAL_PWREx_ControlVoltageScaling)
    [Anonymous Symbol]                       0x08001934   Section        0  stm32g4xx_hal_pwr_ex.o(.text.HAL_PWREx_DisableUCPDDeadBattery)
    [Anonymous Symbol]                       0x08001948   Section        0  stm32g4xx_hal_rcc_ex.o(.text.HAL_RCCEx_PeriphCLKConfig)
    [Anonymous Symbol]                       0x08001c58   Section        0  stm32g4xx_hal_rcc.o(.text.HAL_RCC_ClockConfig)
    [Anonymous Symbol]                       0x08001f6c   Section        0  stm32g4xx_hal_rcc.o(.text.HAL_RCC_GetPCLK1Freq)
    [Anonymous Symbol]                       0x08001f98   Section        0  stm32g4xx_hal_rcc.o(.text.HAL_RCC_GetPCLK2Freq)
    [Anonymous Symbol]                       0x08001fc4   Section        0  stm32g4xx_hal_rcc.o(.text.HAL_RCC_GetSysClockFreq)
    [Anonymous Symbol]                       0x08002048   Section        0  stm32g4xx_hal_rcc.o(.text.HAL_RCC_OscConfig)
    [Anonymous Symbol]                       0x080024cc   Section        0  stm32g4xx_hal_cortex.o(.text.HAL_SYSTICK_Config)
    [Anonymous Symbol]                       0x080024f8   Section        0  stm32g4xx_hal_tim_ex.o(.text.HAL_TIMEx_Break2Callback)
    [Anonymous Symbol]                       0x080024fc   Section        0  stm32g4xx_hal_tim_ex.o(.text.HAL_TIMEx_BreakCallback)
    [Anonymous Symbol]                       0x08002500   Section        0  stm32g4xx_hal_tim_ex.o(.text.HAL_TIMEx_CommutCallback)
    [Anonymous Symbol]                       0x08002504   Section        0  stm32g4xx_hal_tim_ex.o(.text.HAL_TIMEx_DirectionChangeCallback)
    [Anonymous Symbol]                       0x08002508   Section        0  stm32g4xx_hal_tim_ex.o(.text.HAL_TIMEx_EncoderIndexCallback)
    [Anonymous Symbol]                       0x0800250c   Section        0  stm32g4xx_hal_tim_ex.o(.text.HAL_TIMEx_IndexErrorCallback)
    [Anonymous Symbol]                       0x08002510   Section        0  stm32g4xx_hal_tim_ex.o(.text.HAL_TIMEx_MasterConfigSynchronization)
    [Anonymous Symbol]                       0x080025dc   Section        0  stm32g4xx_hal_tim_ex.o(.text.HAL_TIMEx_TransitionErrorCallback)
    [Anonymous Symbol]                       0x080025e0   Section        0  stm32g4xx_hal_tim.o(.text.HAL_TIM_Base_Init)
    [Anonymous Symbol]                       0x08002644   Section        0  tim.o(.text.HAL_TIM_Base_MspInit)
    [Anonymous Symbol]                       0x08002688   Section        0  stm32g4xx_hal_tim.o(.text.HAL_TIM_Base_Start_IT)
    [Anonymous Symbol]                       0x0800272c   Section        0  stm32g4xx_hal_tim.o(.text.HAL_TIM_IC_CaptureCallback)
    [Anonymous Symbol]                       0x08002730   Section        0  stm32g4xx_hal_tim.o(.text.HAL_TIM_IRQHandler)
    [Anonymous Symbol]                       0x080028f8   Section        0  stm32g4xx_hal_tim.o(.text.HAL_TIM_OC_ConfigChannel)
    [Anonymous Symbol]                       0x08002c54   Section        0  stm32g4xx_hal_tim.o(.text.HAL_TIM_OC_DelayElapsedCallback)
    [Anonymous Symbol]                       0x08002c58   Section        0  stm32g4xx_hal_tim.o(.text.HAL_TIM_OC_Init)
    [Anonymous Symbol]                       0x08002cbc   Section        0  tim.o(.text.HAL_TIM_OC_MspInit)
    [Anonymous Symbol]                       0x08002d00   Section        0  stm32g4xx_hal_tim.o(.text.HAL_TIM_PWM_ConfigChannel)
    [Anonymous Symbol]                       0x080030f0   Section        0  stm32g4xx_hal_tim.o(.text.HAL_TIM_PWM_Init)
    [Anonymous Symbol]                       0x08003154   Section        0  tim.o(.text.HAL_TIM_PWM_MspInit)
    [Anonymous Symbol]                       0x08003198   Section        0  stm32g4xx_hal_tim.o(.text.HAL_TIM_PWM_PulseFinishedCallback)
    [Anonymous Symbol]                       0x0800319c   Section        0  stm32g4xx_hal_tim.o(.text.HAL_TIM_PWM_Start)
    [Anonymous Symbol]                       0x080032f0   Section        0  main.o(.text.HAL_TIM_PeriodElapsedCallback)
    [Anonymous Symbol]                       0x08003328   Section        0  stm32g4xx_hal_tim.o(.text.HAL_TIM_TriggerCallback)
    [Anonymous Symbol]                       0x0800332c   Section        0  stm32g4xx_hal_uart_ex.o(.text.HAL_UARTEx_DisableFifoMode)
    [Anonymous Symbol]                       0x08003364   Section        0  main.o(.text.HAL_UARTEx_RxEventCallback)
    [Anonymous Symbol]                       0x080033c0   Section        0  stm32g4xx_hal_uart_ex.o(.text.HAL_UARTEx_RxFifoFullCallback)
    [Anonymous Symbol]                       0x080033c4   Section        0  stm32g4xx_hal_uart_ex.o(.text.HAL_UARTEx_SetRxFifoThreshold)
    [Anonymous Symbol]                       0x08003458   Section        0  stm32g4xx_hal_uart_ex.o(.text.HAL_UARTEx_SetTxFifoThreshold)
    [Anonymous Symbol]                       0x080034ec   Section        0  stm32g4xx_hal_uart_ex.o(.text.HAL_UARTEx_TxFifoEmptyCallback)
    [Anonymous Symbol]                       0x080034f0   Section        0  stm32g4xx_hal_uart_ex.o(.text.HAL_UARTEx_WakeupCallback)
    [Anonymous Symbol]                       0x080034f4   Section        0  stm32g4xx_hal_uart.o(.text.HAL_UART_DMAStop)
    [Anonymous Symbol]                       0x08003604   Section        0  stm32g4xx_hal_uart.o(.text.HAL_UART_ErrorCallback)
    [Anonymous Symbol]                       0x08003608   Section        0  stm32g4xx_hal_uart.o(.text.HAL_UART_IRQHandler)
    [Anonymous Symbol]                       0x080039b8   Section        0  stm32g4xx_hal_uart.o(.text.HAL_UART_Init)
    [Anonymous Symbol]                       0x08003a1c   Section        0  usart.o(.text.HAL_UART_MspInit)
    [Anonymous Symbol]                       0x08003c00   Section        0  stm32g4xx_hal_uart.o(.text.HAL_UART_Receive_DMA)
    [Anonymous Symbol]                       0x08003d04   Section        0  stm32g4xx_hal_uart.o(.text.HAL_UART_RxCpltCallback)
    [Anonymous Symbol]                       0x08003d08   Section        0  stm32g4xx_hal_uart.o(.text.HAL_UART_RxHalfCpltCallback)
    [Anonymous Symbol]                       0x08003d0c   Section        0  stm32g4xx_hal_uart.o(.text.HAL_UART_Transmit)
    [Anonymous Symbol]                       0x08003e10   Section        0  stm32g4xx_hal_uart.o(.text.HAL_UART_Transmit_DMA)
    [Anonymous Symbol]                       0x08003ebc   Section        0  stm32g4xx_hal_uart.o(.text.HAL_UART_TxCpltCallback)
    [Anonymous Symbol]                       0x08003ec0   Section        0  stm32g4xx_hal_uart.o(.text.HAL_UART_TxHalfCpltCallback)
    [Anonymous Symbol]                       0x08003ec4   Section        0  stm32g4xx_it.o(.text.HardFault_Handler)
    [Anonymous Symbol]                       0x08003ec8   Section        0  adc.o(.text.MX_ADC2_Init)
    [Anonymous Symbol]                       0x08003f54   Section        0  cordic.o(.text.MX_CORDIC_Init)
    [Anonymous Symbol]                       0x08003f7c   Section        0  dma.o(.text.MX_DMA_Init)
    [Anonymous Symbol]                       0x08003ff4   Section        0  gpio.o(.text.MX_GPIO_Init)
    [Anonymous Symbol]                       0x080040d0   Section        0  i2c.o(.text.MX_I2C1_Init)
    [Anonymous Symbol]                       0x0800413c   Section        0  tim.o(.text.MX_TIM3_Init)
    [Anonymous Symbol]                       0x080041c4   Section        0  tim.o(.text.MX_TIM4_Init)
    [Anonymous Symbol]                       0x080042c4   Section        0  tim.o(.text.MX_TIM6_Init)
    [Anonymous Symbol]                       0x0800431c   Section        0  usart.o(.text.MX_USART1_UART_Init)
    [Anonymous Symbol]                       0x080043a8   Section        0  usart.o(.text.MX_USART2_UART_Init)
    [Anonymous Symbol]                       0x0800442c   Section        0  stm32g4xx_it.o(.text.MemManage_Handler)
    [Anonymous Symbol]                       0x08004430   Section        0  main.o(.text.Motion_State_Machine_Handler)
    __arm_cp.9_16                            0x080047b4   Number         4  main.o(.text.Motion_State_Machine_Handler)
    [Anonymous Symbol]                       0x08004f28   Section        0  stm32g4xx_it.o(.text.NMI_Handler)
    [Anonymous Symbol]                       0x08004f2c   Section        0  stm32g4xx_it.o(.text.PendSV_Handler)
    [Anonymous Symbol]                       0x08004f30   Section        0  stm32g4xx_it.o(.text.SVC_Handler)
    [Anonymous Symbol]                       0x08004f34   Section        0  stm32g4xx_it.o(.text.SysTick_Handler)
    [Anonymous Symbol]                       0x08004f38   Section        0  system_stm32g4xx.o(.text.SystemInit)
    [Anonymous Symbol]                       0x08004f4c   Section        0  stm32g4xx_it.o(.text.TIM3_IRQHandler)
    [Anonymous Symbol]                       0x08004f58   Section        0  stm32g4xx_it.o(.text.TIM4_IRQHandler)
    [Anonymous Symbol]                       0x08004f70   Section        0  stm32g4xx_it.o(.text.TIM6_DAC_IRQHandler)
    [Anonymous Symbol]                       0x08004f7c   Section        0  stm32g4xx_hal_tim.o(.text.TIM_Base_SetConfig)
    [Anonymous Symbol]                       0x080050b4   Section        0  stm32g4xx_hal_uart.o(.text.UART_AdvFeatureConfig)
    [Anonymous Symbol]                       0x0800519c   Section        0  stm32g4xx_hal_uart.o(.text.UART_CheckIdleState)
    UART_DMAAbortOnError                     0x0800525d   Thumb Code    12  stm32g4xx_hal_uart.o(.text.UART_DMAAbortOnError)
    [Anonymous Symbol]                       0x0800525c   Section        0  stm32g4xx_hal_uart.o(.text.UART_DMAAbortOnError)
    UART_DMAError                            0x08005269   Thumb Code   200  stm32g4xx_hal_uart.o(.text.UART_DMAError)
    [Anonymous Symbol]                       0x08005268   Section        0  stm32g4xx_hal_uart.o(.text.UART_DMAError)
    UART_DMAReceiveCplt                      0x08005331   Thumb Code   130  stm32g4xx_hal_uart.o(.text.UART_DMAReceiveCplt)
    [Anonymous Symbol]                       0x08005330   Section        0  stm32g4xx_hal_uart.o(.text.UART_DMAReceiveCplt)
    UART_DMARxHalfCplt                       0x080053b5   Thumb Code    26  stm32g4xx_hal_uart.o(.text.UART_DMARxHalfCplt)
    [Anonymous Symbol]                       0x080053b4   Section        0  stm32g4xx_hal_uart.o(.text.UART_DMARxHalfCplt)
    UART_DMATransmitCplt                     0x080053d1   Thumb Code    62  stm32g4xx_hal_uart.o(.text.UART_DMATransmitCplt)
    [Anonymous Symbol]                       0x080053d0   Section        0  stm32g4xx_hal_uart.o(.text.UART_DMATransmitCplt)
    UART_DMATxHalfCplt                       0x08005411   Thumb Code     6  stm32g4xx_hal_uart.o(.text.UART_DMATxHalfCplt)
    [Anonymous Symbol]                       0x08005410   Section        0  stm32g4xx_hal_uart.o(.text.UART_DMATxHalfCplt)
    [Anonymous Symbol]                       0x08005418   Section        0  stm32g4xx_hal_uart.o(.text.UART_SetConfig)
    [Anonymous Symbol]                       0x080056d8   Section        0  stm32g4xx_hal_uart.o(.text.UART_WaitOnFlagUntilTimeout)
    [Anonymous Symbol]                       0x08005818   Section        0  stm32g4xx_it.o(.text.USART1_IRQHandler)
    [Anonymous Symbol]                       0x08005864   Section        0  stm32g4xx_it.o(.text.USART2_IRQHandler)
    [Anonymous Symbol]                       0x08005870   Section        0  main.o(.text.Update_Motion_Parameters)
    [Anonymous Symbol]                       0x08005a60   Section        0  stm32g4xx_it.o(.text.UsageFault_Handler)
    [Anonymous Symbol]                       0x08005a64   Section        0  usart.o(.text.fputc)
    [Anonymous Symbol]                       0x08005a84   Section        0  main.o(.text.main)
    [Anonymous Symbol]                       0x08005dac   Section        0  main.o(.text.parse_sbus_frame)
    i.__0printf                              0x08005f78   Section        0  printfa.o(i.__0printf)
    i.__0snprintf                            0x08005f98   Section        0  printfa.o(i.__0snprintf)
    i.__hardfp_fmodf                         0x08005fcc   Section        0  fmodf.o(i.__hardfp_fmodf)
    i.__mathlib_flt_invalid                  0x0800607c   Section        0  funder.o(i.__mathlib_flt_invalid)
    i.__scatterload_copy                     0x0800608c   Section       14  handlers.o(i.__scatterload_copy)
    i.__scatterload_null                     0x0800609a   Section        2  handlers.o(i.__scatterload_null)
    i.__scatterload_zeroinit                 0x0800609c   Section       14  handlers.o(i.__scatterload_zeroinit)
    i.__set_errno                            0x080060ac   Section        0  errno.o(i.__set_errno)
    _fp_digits                               0x080060b9   Thumb Code   366  printfa.o(i._fp_digits)
    i._fp_digits                             0x080060b8   Section        0  printfa.o(i._fp_digits)
    _printf_core                             0x0800623d   Thumb Code  1744  printfa.o(i._printf_core)
    i._printf_core                           0x0800623c   Section        0  printfa.o(i._printf_core)
    _printf_post_padding                     0x08006919   Thumb Code    36  printfa.o(i._printf_post_padding)
    i._printf_post_padding                   0x08006918   Section        0  printfa.o(i._printf_post_padding)
    _printf_pre_padding                      0x0800693d   Thumb Code    46  printfa.o(i._printf_pre_padding)
    i._printf_pre_padding                    0x0800693c   Section        0  printfa.o(i._printf_pre_padding)
    _snputc                                  0x0800696b   Thumb Code    22  printfa.o(i._snputc)
    i._snputc                                0x0800696a   Section        0  printfa.o(i._snputc)
    i.puts                                   0x08006980   Section        0  puts.o(i.puts)
    .Lswitch.table.UART_SetConfig.5          0x080069d4   Data          16  stm32g4xx_hal_uart.o(.rodata.cst16)
    UARTEx_SetNbDataToProcess.numerator      0x080069e4   Data           8  stm32g4xx_hal_uart_ex.o(.rodata.cst8)
    [Anonymous Symbol]                       0x080069e4   Section        0  stm32g4xx_hal_uart_ex.o(.rodata.cst8)
    UARTEx_SetNbDataToProcess.denominator    0x080069ec   Data           8  stm32g4xx_hal_uart_ex.o(.rodata.cst8)
    .L.str.4                                 0x080069f4   Data          67  main.o(.rodata.str1.1)
    [Anonymous Symbol]                       0x080069f4   Section        0  main.o(.rodata.str1.1)
    .L__const.process_ch5_switch.enable_msg  0x08006a38   Data          27  main.o(.rodata.str1.4)
    [Anonymous Symbol]                       0x08006a38   Section        0  main.o(.rodata.str1.4)
    .L__const.process_ch5_switch.disable_msg 0x08006a54   Data          26  main.o(.rodata.str1.4)
    .data                                    0x20000000   Section        4  stdout.o(.data)
    _errno                                   0x20000004   Data           4  errno.o(.data)
    .data                                    0x20000004   Section        4  errno.o(.data)
    last_n_value                             0x2000000c   Data           2  main.o(.data.last_n_value)
    [Anonymous Symbol]                       0x2000000c   Section        0  main.o(.data.last_n_value)
    last_update_time                         0x200004a8   Data           4  main.o(.bss.last_update_time)
    [Anonymous Symbol]                       0x200004a8   Section        0  main.o(.bss.last_update_time)
    parse_sbus_frame.last_send_time          0x200004c4   Data           4  main.o(.bss.parse_sbus_frame.last_send_time)
    [Anonymous Symbol]                       0x200004c4   Section        0  main.o(.bss.parse_sbus_frame.last_send_time)
    parse_sbus_frame.msg                     0x200004c8   Data         128  main.o(.bss.parse_sbus_frame.msg)
    [Anonymous Symbol]                       0x200004c8   Section        0  main.o(.bss.parse_sbus_frame.msg)
    STACK                                    0x200005a8   Section     1024  startup_stm32g4a1xx.o(STACK)

    Global Symbols

    Symbol Name                              Value     Ov Type        Size  Object(Section)

    BuildAttributes$$THM_ISAv4$E$P$D$K$B$S$7EM$VFPi3$EXTD16$VFPS$VFMA$PE$A:L22UL41UL21$X:L11$S22US41US21$IEEE1$IW$~IW$USESV6$~STKCKD$USESV7$~SHL$OTIME$ROPI$IEEEX$EBA8$MICROLIB$REQ8$PRES8$EABIv2 0x00000000   Number         0  anon$$obj.o ABSOLUTE
    _printf_a                                0x00000000   Number         0  printfstubs.o ABSOLUTE
    _printf_c                                0x00000000   Number         0  printfstubs.o ABSOLUTE
    _printf_charcount                        0x00000000   Number         0  printfstubs.o ABSOLUTE
    _printf_d                                0x00000000   Number         0  printfstubs.o ABSOLUTE
    _printf_e                                0x00000000   Number         0  printfstubs.o ABSOLUTE
    _printf_f                                0x00000000   Number         0  printfstubs.o ABSOLUTE
    _printf_flags                            0x00000000   Number         0  printfstubs.o ABSOLUTE
    _printf_fp_dec                           0x00000000   Number         0  printfstubs.o ABSOLUTE
    _printf_fp_hex                           0x00000000   Number         0  printfstubs.o ABSOLUTE
    _printf_g                                0x00000000   Number         0  printfstubs.o ABSOLUTE
    _printf_i                                0x00000000   Number         0  printfstubs.o ABSOLUTE
    _printf_int_dec                          0x00000000   Number         0  printfstubs.o ABSOLUTE
    _printf_l                                0x00000000   Number         0  printfstubs.o ABSOLUTE
    _printf_lc                               0x00000000   Number         0  printfstubs.o ABSOLUTE
    _printf_ll                               0x00000000   Number         0  printfstubs.o ABSOLUTE
    _printf_lld                              0x00000000   Number         0  printfstubs.o ABSOLUTE
    _printf_lli                              0x00000000   Number         0  printfstubs.o ABSOLUTE
    _printf_llo                              0x00000000   Number         0  printfstubs.o ABSOLUTE
    _printf_llu                              0x00000000   Number         0  printfstubs.o ABSOLUTE
    _printf_llx                              0x00000000   Number         0  printfstubs.o ABSOLUTE
    _printf_longlong_dec                     0x00000000   Number         0  printfstubs.o ABSOLUTE
    _printf_longlong_hex                     0x00000000   Number         0  printfstubs.o ABSOLUTE
    _printf_longlong_oct                     0x00000000   Number         0  printfstubs.o ABSOLUTE
    _printf_ls                               0x00000000   Number         0  printfstubs.o ABSOLUTE
    _printf_mbtowc                           0x00000000   Number         0  printfstubs.o ABSOLUTE
    _printf_n                                0x00000000   Number         0  printfstubs.o ABSOLUTE
    _printf_o                                0x00000000   Number         0  printfstubs.o ABSOLUTE
    _printf_p                                0x00000000   Number         0  printfstubs.o ABSOLUTE
    _printf_percent                          0x00000000   Number         0  printfstubs.o ABSOLUTE
    _printf_pre_padding                      0x00000000   Number         0  printfstubs.o ABSOLUTE
    _printf_return_value                     0x00000000   Number         0  printfstubs.o ABSOLUTE
    _printf_s                                0x00000000   Number         0  printfstubs.o ABSOLUTE
    _printf_sizespec                         0x00000000   Number         0  printfstubs.o ABSOLUTE
    _printf_str                              0x00000000   Number         0  printfstubs.o ABSOLUTE
    _printf_truncate_signed                  0x00000000   Number         0  printfstubs.o ABSOLUTE
    _printf_truncate_unsigned                0x00000000   Number         0  printfstubs.o ABSOLUTE
    _printf_u                                0x00000000   Number         0  printfstubs.o ABSOLUTE
    _printf_wc                               0x00000000   Number         0  printfstubs.o ABSOLUTE
    _printf_wctomb                           0x00000000   Number         0  printfstubs.o ABSOLUTE
    _printf_widthprec                        0x00000000   Number         0  printfstubs.o ABSOLUTE
    _printf_x                                0x00000000   Number         0  printfstubs.o ABSOLUTE
    __cpp_initialize__aeabi_                  - Undefined Weak Reference
    __cxa_finalize                            - Undefined Weak Reference
    __decompress                              - Undefined Weak Reference
    _clock_init                               - Undefined Weak Reference
    _microlib_exit                            - Undefined Weak Reference
    __Vectors_Size                           0x000001d8   Number         0  startup_stm32g4a1xx.o ABSOLUTE
    __Vectors                                0x08000000   Data           4  startup_stm32g4a1xx.o(RESET)
    __Vectors_End                            0x080001d8   Data           0  startup_stm32g4a1xx.o(RESET)
    __main                                   0x080001d9   Thumb Code     0  entry.o(.ARM.Collect$$$$00000000)
    _main_stk                                0x080001d9   Thumb Code     0  entry2.o(.ARM.Collect$$$$00000001)
    _main_scatterload                        0x080001dd   Thumb Code     0  entry5.o(.ARM.Collect$$$$00000004)
    __main_after_scatterload                 0x080001e1   Thumb Code     0  entry5.o(.ARM.Collect$$$$00000004)
    _main_clock                              0x080001e1   Thumb Code     0  entry7b.o(.ARM.Collect$$$$00000008)
    _main_cpp_init                           0x080001e1   Thumb Code     0  entry8b.o(.ARM.Collect$$$$0000000A)
    _main_init                               0x080001e1   Thumb Code     0  entry9a.o(.ARM.Collect$$$$0000000B)
    __rt_final_cpp                           0x080001e9   Thumb Code     0  entry10a.o(.ARM.Collect$$$$0000000D)
    __rt_final_exit                          0x080001e9   Thumb Code     0  entry11a.o(.ARM.Collect$$$$0000000F)
    Reset_Handler                            0x080001ed   Thumb Code     8  startup_stm32g4a1xx.o(.text)
    ADC1_2_IRQHandler                        0x08000207   Thumb Code     0  startup_stm32g4a1xx.o(.text)
    ADC3_IRQHandler                          0x08000207   Thumb Code     0  startup_stm32g4a1xx.o(.text)
    AES_IRQn                                 0x08000207   Thumb Code     0  startup_stm32g4a1xx.o(.text)
    COMP1_2_3_IRQHandler                     0x08000207   Thumb Code     0  startup_stm32g4a1xx.o(.text)
    COMP4_IRQHandler                         0x08000207   Thumb Code     0  startup_stm32g4a1xx.o(.text)
    CORDIC_IRQHandler                        0x08000207   Thumb Code     0  startup_stm32g4a1xx.o(.text)
    CRS_IRQHandler                           0x08000207   Thumb Code     0  startup_stm32g4a1xx.o(.text)
    DMA1_Channel5_IRQHandler                 0x08000207   Thumb Code     0  startup_stm32g4a1xx.o(.text)
    DMA1_Channel6_IRQHandler                 0x08000207   Thumb Code     0  startup_stm32g4a1xx.o(.text)
    DMA1_Channel7_IRQHandler                 0x08000207   Thumb Code     0  startup_stm32g4a1xx.o(.text)
    DMA1_Channel8_IRQHandler                 0x08000207   Thumb Code     0  startup_stm32g4a1xx.o(.text)
    DMA2_Channel1_IRQHandler                 0x08000207   Thumb Code     0  startup_stm32g4a1xx.o(.text)
    DMA2_Channel2_IRQHandler                 0x08000207   Thumb Code     0  startup_stm32g4a1xx.o(.text)
    DMA2_Channel3_IRQHandler                 0x08000207   Thumb Code     0  startup_stm32g4a1xx.o(.text)
    DMA2_Channel4_IRQHandler                 0x08000207   Thumb Code     0  startup_stm32g4a1xx.o(.text)
    DMA2_Channel5_IRQHandler                 0x08000207   Thumb Code     0  startup_stm32g4a1xx.o(.text)
    DMA2_Channel6_IRQHandler                 0x08000207   Thumb Code     0  startup_stm32g4a1xx.o(.text)
    DMA2_Channel7_IRQHandler                 0x08000207   Thumb Code     0  startup_stm32g4a1xx.o(.text)
    DMA2_Channel8_IRQHandler                 0x08000207   Thumb Code     0  startup_stm32g4a1xx.o(.text)
    DMAMUX_OVR_IRQHandler                    0x08000207   Thumb Code     0  startup_stm32g4a1xx.o(.text)
    EXTI0_IRQHandler                         0x08000207   Thumb Code     0  startup_stm32g4a1xx.o(.text)
    EXTI15_10_IRQHandler                     0x08000207   Thumb Code     0  startup_stm32g4a1xx.o(.text)
    EXTI1_IRQHandler                         0x08000207   Thumb Code     0  startup_stm32g4a1xx.o(.text)
    EXTI2_IRQHandler                         0x08000207   Thumb Code     0  startup_stm32g4a1xx.o(.text)
    EXTI3_IRQHandler                         0x08000207   Thumb Code     0  startup_stm32g4a1xx.o(.text)
    EXTI9_5_IRQHandler                       0x08000207   Thumb Code     0  startup_stm32g4a1xx.o(.text)
    FDCAN1_IT0_IRQHandler                    0x08000207   Thumb Code     0  startup_stm32g4a1xx.o(.text)
    FDCAN1_IT1_IRQHandler                    0x08000207   Thumb Code     0  startup_stm32g4a1xx.o(.text)
    FDCAN2_IT0_IRQHandler                    0x08000207   Thumb Code     0  startup_stm32g4a1xx.o(.text)
    FDCAN2_IT1_IRQHandler                    0x08000207   Thumb Code     0  startup_stm32g4a1xx.o(.text)
    FLASH_IRQHandler                         0x08000207   Thumb Code     0  startup_stm32g4a1xx.o(.text)
    FMAC_IRQHandler                          0x08000207   Thumb Code     0  startup_stm32g4a1xx.o(.text)
    FPU_IRQHandler                           0x08000207   Thumb Code     0  startup_stm32g4a1xx.o(.text)
    I2C1_ER_IRQHandler                       0x08000207   Thumb Code     0  startup_stm32g4a1xx.o(.text)
    I2C1_EV_IRQHandler                       0x08000207   Thumb Code     0  startup_stm32g4a1xx.o(.text)
    I2C2_ER_IRQHandler                       0x08000207   Thumb Code     0  startup_stm32g4a1xx.o(.text)
    I2C2_EV_IRQHandler                       0x08000207   Thumb Code     0  startup_stm32g4a1xx.o(.text)
    I2C3_ER_IRQHandler                       0x08000207   Thumb Code     0  startup_stm32g4a1xx.o(.text)
    I2C3_EV_IRQHandler                       0x08000207   Thumb Code     0  startup_stm32g4a1xx.o(.text)
    LPTIM1_IRQHandler                        0x08000207   Thumb Code     0  startup_stm32g4a1xx.o(.text)
    LPUART1_IRQHandler                       0x08000207   Thumb Code     0  startup_stm32g4a1xx.o(.text)
    PVD_PVM_IRQHandler                       0x08000207   Thumb Code     0  startup_stm32g4a1xx.o(.text)
    QUADSPI_IRQHandler                       0x08000207   Thumb Code     0  startup_stm32g4a1xx.o(.text)
    RCC_IRQHandler                           0x08000207   Thumb Code     0  startup_stm32g4a1xx.o(.text)
    RNG_IRQHandler                           0x08000207   Thumb Code     0  startup_stm32g4a1xx.o(.text)
    RTC_Alarm_IRQHandler                     0x08000207   Thumb Code     0  startup_stm32g4a1xx.o(.text)
    RTC_TAMP_LSECSS_IRQHandler               0x08000207   Thumb Code     0  startup_stm32g4a1xx.o(.text)
    RTC_WKUP_IRQHandler                      0x08000207   Thumb Code     0  startup_stm32g4a1xx.o(.text)
    SAI1_IRQHandler                          0x08000207   Thumb Code     0  startup_stm32g4a1xx.o(.text)
    SPI1_IRQHandler                          0x08000207   Thumb Code     0  startup_stm32g4a1xx.o(.text)
    SPI2_IRQHandler                          0x08000207   Thumb Code     0  startup_stm32g4a1xx.o(.text)
    SPI3_IRQHandler                          0x08000207   Thumb Code     0  startup_stm32g4a1xx.o(.text)
    TIM1_BRK_TIM15_IRQHandler                0x08000207   Thumb Code     0  startup_stm32g4a1xx.o(.text)
    TIM1_CC_IRQHandler                       0x08000207   Thumb Code     0  startup_stm32g4a1xx.o(.text)
    TIM1_TRG_COM_TIM17_IRQHandler            0x08000207   Thumb Code     0  startup_stm32g4a1xx.o(.text)
    TIM1_UP_TIM16_IRQHandler                 0x08000207   Thumb Code     0  startup_stm32g4a1xx.o(.text)
    TIM20_BRK_IRQHandler                     0x08000207   Thumb Code     0  startup_stm32g4a1xx.o(.text)
    TIM20_CC_IRQHandler                      0x08000207   Thumb Code     0  startup_stm32g4a1xx.o(.text)
    TIM20_TRG_COM_IRQHandler                 0x08000207   Thumb Code     0  startup_stm32g4a1xx.o(.text)
    TIM20_UP_IRQHandler                      0x08000207   Thumb Code     0  startup_stm32g4a1xx.o(.text)
    TIM2_IRQHandler                          0x08000207   Thumb Code     0  startup_stm32g4a1xx.o(.text)
    TIM7_IRQHandler                          0x08000207   Thumb Code     0  startup_stm32g4a1xx.o(.text)
    TIM8_BRK_IRQHandler                      0x08000207   Thumb Code     0  startup_stm32g4a1xx.o(.text)
    TIM8_CC_IRQHandler                       0x08000207   Thumb Code     0  startup_stm32g4a1xx.o(.text)
    TIM8_TRG_COM_IRQHandler                  0x08000207   Thumb Code     0  startup_stm32g4a1xx.o(.text)
    TIM8_UP_IRQHandler                       0x08000207   Thumb Code     0  startup_stm32g4a1xx.o(.text)
    UART4_IRQHandler                         0x08000207   Thumb Code     0  startup_stm32g4a1xx.o(.text)
    UART5_IRQHandler                         0x08000207   Thumb Code     0  startup_stm32g4a1xx.o(.text)
    UCPD1_IRQHandler                         0x08000207   Thumb Code     0  startup_stm32g4a1xx.o(.text)
    USART3_IRQHandler                        0x08000207   Thumb Code     0  startup_stm32g4a1xx.o(.text)
    USBWakeUp_IRQHandler                     0x08000207   Thumb Code     0  startup_stm32g4a1xx.o(.text)
    USB_HP_IRQHandler                        0x08000207   Thumb Code     0  startup_stm32g4a1xx.o(.text)
    USB_LP_IRQHandler                        0x08000207   Thumb Code     0  startup_stm32g4a1xx.o(.text)
    WWDG_IRQHandler                          0x08000207   Thumb Code     0  startup_stm32g4a1xx.o(.text)
    __aeabi_uldivmod                         0x08000211   Thumb Code    98  uldiv.o(.text)
    __aeabi_memset                           0x08000273   Thumb Code    14  memseta.o(.text)
    __aeabi_memset4                          0x08000273   Thumb Code     0  memseta.o(.text)
    __aeabi_memset8                          0x08000273   Thumb Code     0  memseta.o(.text)
    __aeabi_memclr                           0x08000281   Thumb Code     4  memseta.o(.text)
    __aeabi_memclr4                          0x08000281   Thumb Code     0  memseta.o(.text)
    __aeabi_memclr8                          0x08000281   Thumb Code     0  memseta.o(.text)
    _memset$wrapper                          0x08000285   Thumb Code    18  memseta.o(.text)
    strlen                                   0x08000297   Thumb Code    14  strlen.o(.text)
    __aeabi_f2d                              0x080002a5   Thumb Code    38  f2d.o(.text)
    __aeabi_uidiv                            0x080002cb   Thumb Code     0  uidiv.o(.text)
    __aeabi_uidivmod                         0x080002cb   Thumb Code    44  uidiv.o(.text)
    __aeabi_llsl                             0x080002f7   Thumb Code    30  llshl.o(.text)
    _ll_shift_l                              0x080002f7   Thumb Code     0  llshl.o(.text)
    __aeabi_llsr                             0x08000315   Thumb Code    32  llushr.o(.text)
    _ll_ushift_r                             0x08000315   Thumb Code     0  llushr.o(.text)
    __I$use$fp                               0x08000335   Thumb Code     0  iusefp.o(.text)
    _frem                                    0x08000335   Thumb Code    82  frem.o(.text)
    __aeabi_dadd                             0x08000387   Thumb Code   322  dadd.o(.text)
    __aeabi_dsub                             0x080004c9   Thumb Code     6  dadd.o(.text)
    __aeabi_drsub                            0x080004cf   Thumb Code     6  dadd.o(.text)
    __aeabi_dmul                             0x080004d5   Thumb Code   228  dmul.o(.text)
    __aeabi_ddiv                             0x080005b9   Thumb Code   222  ddiv.o(.text)
    __aeabi_d2ulz                            0x08000697   Thumb Code    48  dfixul.o(.text)
    __aeabi_cdrcmple                         0x080006c9   Thumb Code    48  cdrcmple.o(.text)
    __scatterload                            0x080006f9   Thumb Code    38  init.o(.text)
    __scatterload_rt2                        0x080006f9   Thumb Code     0  init.o(.text)
    __aeabi_lasr                             0x08000729   Thumb Code    36  llsshr.o(.text)
    _ll_sshift_r                             0x08000729   Thumb Code     0  llsshr.o(.text)
    _float_round                             0x0800074d   Thumb Code    18  fepilogue.o(.text)
    _float_epilogue                          0x0800075f   Thumb Code    92  fepilogue.o(.text)
    _double_round                            0x080007bb   Thumb Code    30  depilogue.o(.text)
    _double_epilogue                         0x080007d9   Thumb Code   156  depilogue.o(.text)
    BusFault_Handler                         0x08000875   Thumb Code     2  stm32g4xx_it.o(.text.BusFault_Handler)
    DMA1_Channel1_IRQHandler                 0x08000879   Thumb Code    12  stm32g4xx_it.o(.text.DMA1_Channel1_IRQHandler)
    DMA1_Channel2_IRQHandler                 0x08000885   Thumb Code    12  stm32g4xx_it.o(.text.DMA1_Channel2_IRQHandler)
    DMA1_Channel3_IRQHandler                 0x08000891   Thumb Code    12  stm32g4xx_it.o(.text.DMA1_Channel3_IRQHandler)
    DMA1_Channel4_IRQHandler                 0x0800089d   Thumb Code    12  stm32g4xx_it.o(.text.DMA1_Channel4_IRQHandler)
    DebugMon_Handler                         0x080008a9   Thumb Code     2  stm32g4xx_it.o(.text.DebugMon_Handler)
    EXTI4_IRQHandler                         0x080008ad   Thumb Code     6  stm32g4xx_it.o(.text.EXTI4_IRQHandler)
    Error_Handler                            0x080008b5   Thumb Code    10  main.o(.text.Error_Handler)
    HAL_ADC_ConfigChannel                    0x080008c1   Thumb Code   882  stm32g4xx_hal_adc.o(.text.HAL_ADC_ConfigChannel)
    HAL_ADC_Init                             0x08000c35   Thumb Code   536  stm32g4xx_hal_adc.o(.text.HAL_ADC_Init)
    HAL_ADC_MspInit                          0x08000e4d   Thumb Code   140  adc.o(.text.HAL_ADC_MspInit)
    HAL_CORDIC_Init                          0x08000ed9   Thumb Code    58  stm32g4xx_hal_cordic.o(.text.HAL_CORDIC_Init)
    HAL_CORDIC_MspInit                       0x08000f15   Thumb Code    44  cordic.o(.text.HAL_CORDIC_MspInit)
    HAL_DMA_Abort                            0x08000f41   Thumb Code   110  stm32g4xx_hal_dma.o(.text.HAL_DMA_Abort)
    HAL_DMA_Abort_IT                         0x08000fb1   Thumb Code   126  stm32g4xx_hal_dma.o(.text.HAL_DMA_Abort_IT)
    HAL_DMA_GetError                         0x08001031   Thumb Code     4  stm32g4xx_hal_dma.o(.text.HAL_DMA_GetError)
    HAL_DMA_IRQHandler                       0x08001035   Thumb Code   156  stm32g4xx_hal_dma.o(.text.HAL_DMA_IRQHandler)
    HAL_DMA_Init                             0x080010d1   Thumb Code   290  stm32g4xx_hal_dma.o(.text.HAL_DMA_Init)
    HAL_DMA_Start_IT                         0x080011f5   Thumb Code   226  stm32g4xx_hal_dma.o(.text.HAL_DMA_Start_IT)
    HAL_Delay                                0x080012d9   Thumb Code    40  stm32g4xx_hal.o(.text.HAL_Delay)
    HAL_GPIO_EXTI_Callback                   0x08001301   Thumb Code     2  stm32g4xx_hal_gpio.o(.text.HAL_GPIO_EXTI_Callback)
    HAL_GPIO_EXTI_IRQHandler                 0x08001305   Thumb Code    22  stm32g4xx_hal_gpio.o(.text.HAL_GPIO_EXTI_IRQHandler)
    HAL_GPIO_Init                            0x0800131d   Thumb Code   416  stm32g4xx_hal_gpio.o(.text.HAL_GPIO_Init)
    HAL_GPIO_WritePin                        0x080014bd   Thumb Code    12  stm32g4xx_hal_gpio.o(.text.HAL_GPIO_WritePin)
    HAL_GetTick                              0x080014c9   Thumb Code    12  stm32g4xx_hal.o(.text.HAL_GetTick)
    HAL_I2CEx_ConfigAnalogFilter             0x080014d5   Thumb Code    74  stm32g4xx_hal_i2c_ex.o(.text.HAL_I2CEx_ConfigAnalogFilter)
    HAL_I2CEx_ConfigDigitalFilter            0x08001521   Thumb Code    72  stm32g4xx_hal_i2c_ex.o(.text.HAL_I2CEx_ConfigDigitalFilter)
    HAL_I2C_Init                             0x08001569   Thumb Code   168  stm32g4xx_hal_i2c.o(.text.HAL_I2C_Init)
    HAL_I2C_MspInit                          0x08001611   Thumb Code   198  i2c.o(.text.HAL_I2C_MspInit)
    HAL_IncTick                              0x080016d9   Thumb Code    26  stm32g4xx_hal.o(.text.HAL_IncTick)
    HAL_Init                                 0x080016f5   Thumb Code    30  stm32g4xx_hal.o(.text.HAL_Init)
    HAL_InitTick                             0x08001715   Thumb Code    90  stm32g4xx_hal.o(.text.HAL_InitTick)
    HAL_MspInit                              0x08001771   Thumb Code    52  stm32g4xx_hal_msp.o(.text.HAL_MspInit)
    HAL_NVIC_EnableIRQ                       0x080017a5   Thumb Code    34  stm32g4xx_hal_cortex.o(.text.HAL_NVIC_EnableIRQ)
    HAL_NVIC_SetPriority                     0x080017c9   Thumb Code    86  stm32g4xx_hal_cortex.o(.text.HAL_NVIC_SetPriority)
    HAL_NVIC_SetPriorityGrouping             0x08001821   Thumb Code    32  stm32g4xx_hal_cortex.o(.text.HAL_NVIC_SetPriorityGrouping)
    HAL_PWREx_ControlVoltageScaling          0x08001841   Thumb Code   242  stm32g4xx_hal_pwr_ex.o(.text.HAL_PWREx_ControlVoltageScaling)
    HAL_PWREx_DisableUCPDDeadBattery         0x08001935   Thumb Code    18  stm32g4xx_hal_pwr_ex.o(.text.HAL_PWREx_DisableUCPDDeadBattery)
    HAL_RCCEx_PeriphCLKConfig                0x08001949   Thumb Code   784  stm32g4xx_hal_rcc_ex.o(.text.HAL_RCCEx_PeriphCLKConfig)
    HAL_RCC_ClockConfig                      0x08001c59   Thumb Code   786  stm32g4xx_hal_rcc.o(.text.HAL_RCC_ClockConfig)
    HAL_RCC_GetPCLK1Freq                     0x08001f6d   Thumb Code    42  stm32g4xx_hal_rcc.o(.text.HAL_RCC_GetPCLK1Freq)
    HAL_RCC_GetPCLK2Freq                     0x08001f99   Thumb Code    42  stm32g4xx_hal_rcc.o(.text.HAL_RCC_GetPCLK2Freq)
    HAL_RCC_GetSysClockFreq                  0x08001fc5   Thumb Code   130  stm32g4xx_hal_rcc.o(.text.HAL_RCC_GetSysClockFreq)
    HAL_RCC_OscConfig                        0x08002049   Thumb Code  1156  stm32g4xx_hal_rcc.o(.text.HAL_RCC_OscConfig)
    HAL_SYSTICK_Config                       0x080024cd   Thumb Code    44  stm32g4xx_hal_cortex.o(.text.HAL_SYSTICK_Config)
    HAL_TIMEx_Break2Callback                 0x080024f9   Thumb Code     2  stm32g4xx_hal_tim_ex.o(.text.HAL_TIMEx_Break2Callback)
    HAL_TIMEx_BreakCallback                  0x080024fd   Thumb Code     2  stm32g4xx_hal_tim_ex.o(.text.HAL_TIMEx_BreakCallback)
    HAL_TIMEx_CommutCallback                 0x08002501   Thumb Code     2  stm32g4xx_hal_tim_ex.o(.text.HAL_TIMEx_CommutCallback)
    HAL_TIMEx_DirectionChangeCallback        0x08002505   Thumb Code     2  stm32g4xx_hal_tim_ex.o(.text.HAL_TIMEx_DirectionChangeCallback)
    HAL_TIMEx_EncoderIndexCallback           0x08002509   Thumb Code     2  stm32g4xx_hal_tim_ex.o(.text.HAL_TIMEx_EncoderIndexCallback)
    HAL_TIMEx_IndexErrorCallback             0x0800250d   Thumb Code     2  stm32g4xx_hal_tim_ex.o(.text.HAL_TIMEx_IndexErrorCallback)
    HAL_TIMEx_MasterConfigSynchronization    0x08002511   Thumb Code   204  stm32g4xx_hal_tim_ex.o(.text.HAL_TIMEx_MasterConfigSynchronization)
    HAL_TIMEx_TransitionErrorCallback        0x080025dd   Thumb Code     2  stm32g4xx_hal_tim_ex.o(.text.HAL_TIMEx_TransitionErrorCallback)
    HAL_TIM_Base_Init                        0x080025e1   Thumb Code    98  stm32g4xx_hal_tim.o(.text.HAL_TIM_Base_Init)
    HAL_TIM_Base_MspInit                     0x08002645   Thumb Code    68  tim.o(.text.HAL_TIM_Base_MspInit)
    HAL_TIM_Base_Start_IT                    0x08002689   Thumb Code   164  stm32g4xx_hal_tim.o(.text.HAL_TIM_Base_Start_IT)
    HAL_TIM_IC_CaptureCallback               0x0800272d   Thumb Code     2  stm32g4xx_hal_tim.o(.text.HAL_TIM_IC_CaptureCallback)
    HAL_TIM_IRQHandler                       0x08002731   Thumb Code   454  stm32g4xx_hal_tim.o(.text.HAL_TIM_IRQHandler)
    HAL_TIM_OC_ConfigChannel                 0x080028f9   Thumb Code   858  stm32g4xx_hal_tim.o(.text.HAL_TIM_OC_ConfigChannel)
    HAL_TIM_OC_DelayElapsedCallback          0x08002c55   Thumb Code     2  stm32g4xx_hal_tim.o(.text.HAL_TIM_OC_DelayElapsedCallback)
    HAL_TIM_OC_Init                          0x08002c59   Thumb Code    98  stm32g4xx_hal_tim.o(.text.HAL_TIM_OC_Init)
    HAL_TIM_OC_MspInit                       0x08002cbd   Thumb Code    68  tim.o(.text.HAL_TIM_OC_MspInit)
    HAL_TIM_PWM_ConfigChannel                0x08002d01   Thumb Code  1006  stm32g4xx_hal_tim.o(.text.HAL_TIM_PWM_ConfigChannel)
    HAL_TIM_PWM_Init                         0x080030f1   Thumb Code    98  stm32g4xx_hal_tim.o(.text.HAL_TIM_PWM_Init)
    HAL_TIM_PWM_MspInit                      0x08003155   Thumb Code    68  tim.o(.text.HAL_TIM_PWM_MspInit)
    HAL_TIM_PWM_PulseFinishedCallback        0x08003199   Thumb Code     2  stm32g4xx_hal_tim.o(.text.HAL_TIM_PWM_PulseFinishedCallback)
    HAL_TIM_PWM_Start                        0x0800319d   Thumb Code   340  stm32g4xx_hal_tim.o(.text.HAL_TIM_PWM_Start)
    HAL_TIM_PeriodElapsedCallback            0x080032f1   Thumb Code    56  main.o(.text.HAL_TIM_PeriodElapsedCallback)
    HAL_TIM_TriggerCallback                  0x08003329   Thumb Code     2  stm32g4xx_hal_tim.o(.text.HAL_TIM_TriggerCallback)
    HAL_UARTEx_DisableFifoMode               0x0800332d   Thumb Code    54  stm32g4xx_hal_uart_ex.o(.text.HAL_UARTEx_DisableFifoMode)
    HAL_UARTEx_RxEventCallback               0x08003365   Thumb Code    90  main.o(.text.HAL_UARTEx_RxEventCallback)
    HAL_UARTEx_RxFifoFullCallback            0x080033c1   Thumb Code     2  stm32g4xx_hal_uart_ex.o(.text.HAL_UARTEx_RxFifoFullCallback)
    HAL_UARTEx_SetRxFifoThreshold            0x080033c5   Thumb Code   146  stm32g4xx_hal_uart_ex.o(.text.HAL_UARTEx_SetRxFifoThreshold)
    HAL_UARTEx_SetTxFifoThreshold            0x08003459   Thumb Code   146  stm32g4xx_hal_uart_ex.o(.text.HAL_UARTEx_SetTxFifoThreshold)
    HAL_UARTEx_TxFifoEmptyCallback           0x080034ed   Thumb Code     2  stm32g4xx_hal_uart_ex.o(.text.HAL_UARTEx_TxFifoEmptyCallback)
    HAL_UARTEx_WakeupCallback                0x080034f1   Thumb Code     2  stm32g4xx_hal_uart_ex.o(.text.HAL_UARTEx_WakeupCallback)
    HAL_UART_DMAStop                         0x080034f5   Thumb Code   270  stm32g4xx_hal_uart.o(.text.HAL_UART_DMAStop)
    HAL_UART_ErrorCallback                   0x08003605   Thumb Code     2  stm32g4xx_hal_uart.o(.text.HAL_UART_ErrorCallback)
    HAL_UART_IRQHandler                      0x08003609   Thumb Code   942  stm32g4xx_hal_uart.o(.text.HAL_UART_IRQHandler)
    HAL_UART_Init                            0x080039b9   Thumb Code    98  stm32g4xx_hal_uart.o(.text.HAL_UART_Init)
    HAL_UART_MspInit                         0x08003a1d   Thumb Code   482  usart.o(.text.HAL_UART_MspInit)
    HAL_UART_Receive_DMA                     0x08003c01   Thumb Code   258  stm32g4xx_hal_uart.o(.text.HAL_UART_Receive_DMA)
    HAL_UART_RxCpltCallback                  0x08003d05   Thumb Code     2  stm32g4xx_hal_uart.o(.text.HAL_UART_RxCpltCallback)
    HAL_UART_RxHalfCpltCallback              0x08003d09   Thumb Code     2  stm32g4xx_hal_uart.o(.text.HAL_UART_RxHalfCpltCallback)
    HAL_UART_Transmit                        0x08003d0d   Thumb Code   260  stm32g4xx_hal_uart.o(.text.HAL_UART_Transmit)
    HAL_UART_Transmit_DMA                    0x08003e11   Thumb Code   170  stm32g4xx_hal_uart.o(.text.HAL_UART_Transmit_DMA)
    HAL_UART_TxCpltCallback                  0x08003ebd   Thumb Code     2  stm32g4xx_hal_uart.o(.text.HAL_UART_TxCpltCallback)
    HAL_UART_TxHalfCpltCallback              0x08003ec1   Thumb Code     2  stm32g4xx_hal_uart.o(.text.HAL_UART_TxHalfCpltCallback)
    HardFault_Handler                        0x08003ec5   Thumb Code     2  stm32g4xx_it.o(.text.HardFault_Handler)
    MX_ADC2_Init                             0x08003ec9   Thumb Code   140  adc.o(.text.MX_ADC2_Init)
    MX_CORDIC_Init                           0x08003f55   Thumb Code    38  cordic.o(.text.MX_CORDIC_Init)
    MX_DMA_Init                              0x08003f7d   Thumb Code   118  dma.o(.text.MX_DMA_Init)
    MX_GPIO_Init                             0x08003ff5   Thumb Code   218  gpio.o(.text.MX_GPIO_Init)
    MX_I2C1_Init                             0x080040d1   Thumb Code   108  i2c.o(.text.MX_I2C1_Init)
    MX_TIM3_Init                             0x0800413d   Thumb Code   134  tim.o(.text.MX_TIM3_Init)
    MX_TIM4_Init                             0x080041c5   Thumb Code   254  tim.o(.text.MX_TIM4_Init)
    MX_TIM6_Init                             0x080042c5   Thumb Code    86  tim.o(.text.MX_TIM6_Init)
    MX_USART1_UART_Init                      0x0800431d   Thumb Code   140  usart.o(.text.MX_USART1_UART_Init)
    MX_USART2_UART_Init                      0x080043a9   Thumb Code   130  usart.o(.text.MX_USART2_UART_Init)
    MemManage_Handler                        0x0800442d   Thumb Code     2  stm32g4xx_it.o(.text.MemManage_Handler)
    Motion_State_Machine_Handler             0x08004431   Thumb Code  2764  main.o(.text.Motion_State_Machine_Handler)
    NMI_Handler                              0x08004f29   Thumb Code     2  stm32g4xx_it.o(.text.NMI_Handler)
    PendSV_Handler                           0x08004f2d   Thumb Code     2  stm32g4xx_it.o(.text.PendSV_Handler)
    SVC_Handler                              0x08004f31   Thumb Code     2  stm32g4xx_it.o(.text.SVC_Handler)
    SysTick_Handler                          0x08004f35   Thumb Code     4  stm32g4xx_it.o(.text.SysTick_Handler)
    SystemInit                               0x08004f39   Thumb Code    18  system_stm32g4xx.o(.text.SystemInit)
    TIM3_IRQHandler                          0x08004f4d   Thumb Code    12  stm32g4xx_it.o(.text.TIM3_IRQHandler)
    TIM4_IRQHandler                          0x08004f59   Thumb Code    22  stm32g4xx_it.o(.text.TIM4_IRQHandler)
    TIM6_DAC_IRQHandler                      0x08004f71   Thumb Code    12  stm32g4xx_it.o(.text.TIM6_DAC_IRQHandler)
    TIM_Base_SetConfig                       0x08004f7d   Thumb Code   312  stm32g4xx_hal_tim.o(.text.TIM_Base_SetConfig)
    UART_AdvFeatureConfig                    0x080050b5   Thumb Code   230  stm32g4xx_hal_uart.o(.text.UART_AdvFeatureConfig)
    UART_CheckIdleState                      0x0800519d   Thumb Code   190  stm32g4xx_hal_uart.o(.text.UART_CheckIdleState)
    UART_SetConfig                           0x08005419   Thumb Code   688  stm32g4xx_hal_uart.o(.text.UART_SetConfig)
    UART_WaitOnFlagUntilTimeout              0x080056d9   Thumb Code   318  stm32g4xx_hal_uart.o(.text.UART_WaitOnFlagUntilTimeout)
    USART1_IRQHandler                        0x08005819   Thumb Code    74  stm32g4xx_it.o(.text.USART1_IRQHandler)
    USART2_IRQHandler                        0x08005865   Thumb Code    12  stm32g4xx_it.o(.text.USART2_IRQHandler)
    Update_Motion_Parameters                 0x08005871   Thumb Code   404  main.o(.text.Update_Motion_Parameters)
    UsageFault_Handler                       0x08005a61   Thumb Code     2  stm32g4xx_it.o(.text.UsageFault_Handler)
    fputc                                    0x08005a65   Thumb Code    32  usart.o(.text.fputc)
    main                                     0x08005a85   Thumb Code   796  main.o(.text.main)
    parse_sbus_frame                         0x08005dad   Thumb Code   412  main.o(.text.parse_sbus_frame)
    __0printf                                0x08005f79   Thumb Code    22  printfa.o(i.__0printf)
    __1printf                                0x08005f79   Thumb Code     0  printfa.o(i.__0printf)
    __2printf                                0x08005f79   Thumb Code     0  printfa.o(i.__0printf)
    __c89printf                              0x08005f79   Thumb Code     0  printfa.o(i.__0printf)
    printf                                   0x08005f79   Thumb Code     0  printfa.o(i.__0printf)
    __0snprintf                              0x08005f99   Thumb Code    48  printfa.o(i.__0snprintf)
    __1snprintf                              0x08005f99   Thumb Code     0  printfa.o(i.__0snprintf)
    __2snprintf                              0x08005f99   Thumb Code     0  printfa.o(i.__0snprintf)
    __c89snprintf                            0x08005f99   Thumb Code     0  printfa.o(i.__0snprintf)
    snprintf                                 0x08005f99   Thumb Code     0  printfa.o(i.__0snprintf)
    __hardfp_fmodf                           0x08005fcd   Thumb Code   176  fmodf.o(i.__hardfp_fmodf)
    __mathlib_flt_invalid                    0x0800607d   Thumb Code    10  funder.o(i.__mathlib_flt_invalid)
    __scatterload_copy                       0x0800608d   Thumb Code    14  handlers.o(i.__scatterload_copy)
    __scatterload_null                       0x0800609b   Thumb Code     2  handlers.o(i.__scatterload_null)
    __scatterload_zeroinit                   0x0800609d   Thumb Code    14  handlers.o(i.__scatterload_zeroinit)
    __set_errno                              0x080060ad   Thumb Code     6  errno.o(i.__set_errno)
    puts                                     0x08006981   Thumb Code    30  puts.o(i.puts)
    AHBPrescTable                            0x080069a4   Data          16  system_stm32g4xx.o(.rodata.AHBPrescTable)
    APBPrescTable                            0x080069b4   Data           8  system_stm32g4xx.o(.rodata.APBPrescTable)
    UARTPrescTable                           0x080069bc   Data          24  stm32g4xx_hal_uart.o(.rodata.UARTPrescTable)
    Region$$Table$$Base                      0x08006a70   Number         0  anon$$obj.o(Region$$Table)
    Region$$Table$$Limit                     0x08006a90   Number         0  anon$$obj.o(Region$$Table)
    __stdout                                 0x20000000   Data           4  stdout.o(.data)
    SystemCoreClock                          0x20000008   Data           4  system_stm32g4xx.o(.data.SystemCoreClock)
    uwTickFreq                               0x20000010   Data           4  stm32g4xx_hal.o(.data.uwTickFreq)
    uwTickPrio                               0x20000014   Data           4  stm32g4xx_hal.o(.data.uwTickPrio)
    ch5_last_state                           0x20000018   Data           1  main.o(.bss.ch5_last_state)
    current_params                           0x2000001c   Data          20  main.o(.bss.current_params)
    hadc2                                    0x20000030   Data         108  adc.o(.bss.hadc2)
    hcordic                                  0x2000009c   Data          40  cordic.o(.bss.hcordic)
    hdma_usart1_rx                           0x200000c4   Data          96  usart.o(.bss.hdma_usart1_rx)
    hdma_usart1_tx                           0x20000124   Data          96  usart.o(.bss.hdma_usart1_tx)
    hdma_usart2_rx                           0x20000184   Data          96  usart.o(.bss.hdma_usart2_rx)
    hdma_usart2_tx                           0x200001e4   Data          96  usart.o(.bss.hdma_usart2_tx)
    hi2c1                                    0x20000244   Data          84  i2c.o(.bss.hi2c1)
    homing_delay_cnt                         0x20000298   Data           4  main.o(.bss.homing_delay_cnt)
    htim3                                    0x2000029c   Data          76  tim.o(.bss.htim3)
    htim4                                    0x200002e8   Data          76  tim.o(.bss.htim4)
    htim6                                    0x20000334   Data          76  tim.o(.bss.htim6)
    huart1                                   0x20000380   Data         148  usart.o(.bss.huart1)
    huart2                                   0x20000414   Data         148  usart.o(.bss.huart2)
    new_params                               0x200004ac   Data          20  main.o(.bss.new_params)
    params_updated                           0x200004c0   Data           1  main.o(.bss.params_updated)
    sbus                                     0x20000548   Data          66  main.o(.bss.sbus)
    servo_enable_flag                        0x2000058a   Data           1  main.o(.bss.servo_enable_flag)
    system_state                             0x2000058b   Data           1  main.o(.bss.system_state)
    t_counter                                0x2000058c   Data           2  main.o(.bss.t_counter)
    transition_active                        0x2000058e   Data           1  main.o(.bss.transition_active)
    transition_params                        0x20000590   Data          20  main.o(.bss.transition_params)
    uwTick                                   0x200005a4   Data           4  stm32g4xx_hal.o(.bss.uwTick)
    __initial_sp                             0x200009a8   Data           0  startup_stm32g4a1xx.o(STACK)



==============================================================================

Memory Map of the image

  Image Entry point : 0x080001d9

  Load Region LR_IROM1 (Base: 0x08000000, Size: 0x00006aa8, Max: 0x00080000, ABSOLUTE)

    Execution Region ER_IROM1 (Exec base: 0x08000000, Load base: 0x08000000, Size: 0x00006a90, Max: 0x00080000, ABSOLUTE)

    Exec Addr    Load Addr    Size         Type   Attr      Idx    E Section Name        Object

    0x08000000   0x08000000   0x000001d8   Data   RO            3    RESET               startup_stm32g4a1xx.o
    0x080001d8   0x080001d8   0x00000000   Code   RO         1685  * .ARM.Collect$$$$00000000  mc_w.l(entry.o)
    0x080001d8   0x080001d8   0x00000004   Code   RO         1975    .ARM.Collect$$$$00000001  mc_w.l(entry2.o)
    0x080001dc   0x080001dc   0x00000004   Code   RO         1978    .ARM.Collect$$$$00000004  mc_w.l(entry5.o)
    0x080001e0   0x080001e0   0x00000000   Code   RO         1980    .ARM.Collect$$$$00000008  mc_w.l(entry7b.o)
    0x080001e0   0x080001e0   0x00000000   Code   RO         1982    .ARM.Collect$$$$0000000A  mc_w.l(entry8b.o)
    0x080001e0   0x080001e0   0x00000008   Code   RO         1983    .ARM.Collect$$$$0000000B  mc_w.l(entry9a.o)
    0x080001e8   0x080001e8   0x00000000   Code   RO         1985    .ARM.Collect$$$$0000000D  mc_w.l(entry10a.o)
    0x080001e8   0x080001e8   0x00000000   Code   RO         1987    .ARM.Collect$$$$0000000F  mc_w.l(entry11a.o)
    0x080001e8   0x080001e8   0x00000004   Code   RO         1976    .ARM.Collect$$$$00002712  mc_w.l(entry2.o)
    0x080001ec   0x080001ec   0x00000024   Code   RO            4    .text               startup_stm32g4a1xx.o
    0x08000210   0x08000210   0x00000062   Code   RO         1692    .text               mc_w.l(uldiv.o)
    0x08000272   0x08000272   0x00000024   Code   RO         1694    .text               mc_w.l(memseta.o)
    0x08000296   0x08000296   0x0000000e   Code   RO         1696    .text               mc_w.l(strlen.o)
    0x080002a4   0x080002a4   0x00000026   Code   RO         1959    .text               mf_w.l(f2d.o)
    0x080002ca   0x080002ca   0x0000002c   Code   RO         1999    .text               mc_w.l(uidiv.o)
    0x080002f6   0x080002f6   0x0000001e   Code   RO         2001    .text               mc_w.l(llshl.o)
    0x08000314   0x08000314   0x00000020   Code   RO         2003    .text               mc_w.l(llushr.o)
    0x08000334   0x08000334   0x00000000   Code   RO         2012    .text               mc_w.l(iusefp.o)
    0x08000334   0x08000334   0x00000052   Code   RO         2013    .text               mf_w.l(frem.o)
    0x08000386   0x08000386   0x0000014e   Code   RO         2015    .text               mf_w.l(dadd.o)
    0x080004d4   0x080004d4   0x000000e4   Code   RO         2017    .text               mf_w.l(dmul.o)
    0x080005b8   0x080005b8   0x000000de   Code   RO         2019    .text               mf_w.l(ddiv.o)
    0x08000696   0x08000696   0x00000030   Code   RO         2021    .text               mf_w.l(dfixul.o)
    0x080006c6   0x080006c6   0x00000002   PAD
    0x080006c8   0x080006c8   0x00000030   Code   RO         2023    .text               mf_w.l(cdrcmple.o)
    0x080006f8   0x080006f8   0x00000030   Code   RO         2025    .text               mc_w.l(init.o)
    0x08000728   0x08000728   0x00000024   Code   RO         2027    .text               mc_w.l(llsshr.o)
    0x0800074c   0x0800074c   0x0000006e   Code   RO         2029    .text               mf_w.l(fepilogue.o)
    0x080007ba   0x080007ba   0x000000ba   Code   RO         2031    .text               mf_w.l(depilogue.o)
    0x08000874   0x08000874   0x00000002   Code   RO          199    .text.BusFault_Handler  stm32g4xx_it.o
    0x08000876   0x08000876   0x00000002   PAD
    0x08000878   0x08000878   0x0000000c   Code   RO          213    .text.DMA1_Channel1_IRQHandler  stm32g4xx_it.o
    0x08000884   0x08000884   0x0000000c   Code   RO          215    .text.DMA1_Channel2_IRQHandler  stm32g4xx_it.o
    0x08000890   0x08000890   0x0000000c   Code   RO          217    .text.DMA1_Channel3_IRQHandler  stm32g4xx_it.o
    0x0800089c   0x0800089c   0x0000000c   Code   RO          219    .text.DMA1_Channel4_IRQHandler  stm32g4xx_it.o
    0x080008a8   0x080008a8   0x00000002   Code   RO          205    .text.DebugMon_Handler  stm32g4xx_it.o
    0x080008aa   0x080008aa   0x00000002   PAD
    0x080008ac   0x080008ac   0x00000006   Code   RO          211    .text.EXTI4_IRQHandler  stm32g4xx_it.o
    0x080008b2   0x080008b2   0x00000002   PAD
    0x080008b4   0x080008b4   0x0000000a   Code   RO           25    .text.Error_Handler  main.o
    0x080008be   0x080008be   0x00000002   PAD
    0x080008c0   0x080008c0   0x00000372   Code   RO          298    .text.HAL_ADC_ConfigChannel  stm32g4xx_hal_adc.o
    0x08000c32   0x08000c32   0x00000002   PAD
    0x08000c34   0x08000c34   0x00000218   Code   RO          246    .text.HAL_ADC_Init  stm32g4xx_hal_adc.o
    0x08000e4c   0x08000e4c   0x0000008c   Code   RO           84    .text.HAL_ADC_MspInit  adc.o
    0x08000ed8   0x08000ed8   0x0000003a   Code   RO          890    .text.HAL_CORDIC_Init  stm32g4xx_hal_cordic.o
    0x08000f12   0x08000f12   0x00000002   PAD
    0x08000f14   0x08000f14   0x0000002c   Code   RO           99    .text.HAL_CORDIC_MspInit  cordic.o
    0x08000f40   0x08000f40   0x0000006e   Code   RO          676    .text.HAL_DMA_Abort  stm32g4xx_hal_dma.o
    0x08000fae   0x08000fae   0x00000002   PAD
    0x08000fb0   0x08000fb0   0x0000007e   Code   RO          678    .text.HAL_DMA_Abort_IT  stm32g4xx_hal_dma.o
    0x0800102e   0x0800102e   0x00000002   PAD
    0x08001030   0x08001030   0x00000004   Code   RO          690    .text.HAL_DMA_GetError  stm32g4xx_hal_dma.o
    0x08001034   0x08001034   0x0000009c   Code   RO          682    .text.HAL_DMA_IRQHandler  stm32g4xx_hal_dma.o
    0x080010d0   0x080010d0   0x00000122   Code   RO          668    .text.HAL_DMA_Init  stm32g4xx_hal_dma.o
    0x080011f2   0x080011f2   0x00000002   PAD
    0x080011f4   0x080011f4   0x000000e2   Code   RO          674    .text.HAL_DMA_Start_IT  stm32g4xx_hal_dma.o
    0x080012d6   0x080012d6   0x00000002   PAD
    0x080012d8   0x080012d8   0x00000028   Code   RO          397    .text.HAL_Delay     stm32g4xx_hal.o
    0x08001300   0x08001300   0x00000002   Code   RO          632    .text.HAL_GPIO_EXTI_Callback  stm32g4xx_hal_gpio.o
    0x08001302   0x08001302   0x00000002   PAD
    0x08001304   0x08001304   0x00000016   Code   RO          630    .text.HAL_GPIO_EXTI_IRQHandler  stm32g4xx_hal_gpio.o
    0x0800131a   0x0800131a   0x00000002   PAD
    0x0800131c   0x0800131c   0x000001a0   Code   RO          618    .text.HAL_GPIO_Init  stm32g4xx_hal_gpio.o
    0x080014bc   0x080014bc   0x0000000c   Code   RO          624    .text.HAL_GPIO_WritePin  stm32g4xx_hal_gpio.o
    0x080014c8   0x080014c8   0x0000000c   Code   RO          389    .text.HAL_GetTick   stm32g4xx_hal.o
    0x080014d4   0x080014d4   0x0000004a   Code   RO         1086    .text.HAL_I2CEx_ConfigAnalogFilter  stm32g4xx_hal_i2c_ex.o
    0x0800151e   0x0800151e   0x00000002   PAD
    0x08001520   0x08001520   0x00000048   Code   RO         1088    .text.HAL_I2CEx_ConfigDigitalFilter  stm32g4xx_hal_i2c_ex.o
    0x08001568   0x08001568   0x000000a8   Code   RO          932    .text.HAL_I2C_Init  stm32g4xx_hal_i2c.o
    0x08001610   0x08001610   0x000000c6   Code   RO          123    .text.HAL_I2C_MspInit  i2c.o
    0x080016d6   0x080016d6   0x00000002   PAD
    0x080016d8   0x080016d8   0x0000001a   Code   RO          387    .text.HAL_IncTick   stm32g4xx_hal.o
    0x080016f2   0x080016f2   0x00000002   PAD
    0x080016f4   0x080016f4   0x0000001e   Code   RO          377    .text.HAL_Init      stm32g4xx_hal.o
    0x08001712   0x08001712   0x00000002   PAD
    0x08001714   0x08001714   0x0000005a   Code   RO          379    .text.HAL_InitTick  stm32g4xx_hal.o
    0x0800176e   0x0800176e   0x00000002   PAD
    0x08001770   0x08001770   0x00000034   Code   RO          238    .text.HAL_MspInit   stm32g4xx_hal_msp.o
    0x080017a4   0x080017a4   0x00000022   Code   RO          844    .text.HAL_NVIC_EnableIRQ  stm32g4xx_hal_cortex.o
    0x080017c6   0x080017c6   0x00000002   PAD
    0x080017c8   0x080017c8   0x00000056   Code   RO          842    .text.HAL_NVIC_SetPriority  stm32g4xx_hal_cortex.o
    0x0800181e   0x0800181e   0x00000002   PAD
    0x08001820   0x08001820   0x00000020   Code   RO          840    .text.HAL_NVIC_SetPriorityGrouping  stm32g4xx_hal_cortex.o
    0x08001840   0x08001840   0x000000f2   Code   RO          760    .text.HAL_PWREx_ControlVoltageScaling  stm32g4xx_hal_pwr_ex.o
    0x08001932   0x08001932   0x00000002   PAD
    0x08001934   0x08001934   0x00000012   Code   RO          830    .text.HAL_PWREx_DisableUCPDDeadBattery  stm32g4xx_hal_pwr_ex.o
    0x08001946   0x08001946   0x00000002   PAD
    0x08001948   0x08001948   0x00000310   Code   RO          502    .text.HAL_RCCEx_PeriphCLKConfig  stm32g4xx_hal_rcc_ex.o
    0x08001c58   0x08001c58   0x00000312   Code   RO          468    .text.HAL_RCC_ClockConfig  stm32g4xx_hal_rcc.o
    0x08001f6a   0x08001f6a   0x00000002   PAD
    0x08001f6c   0x08001f6c   0x0000002a   Code   RO          476    .text.HAL_RCC_GetPCLK1Freq  stm32g4xx_hal_rcc.o
    0x08001f96   0x08001f96   0x00000002   PAD
    0x08001f98   0x08001f98   0x0000002a   Code   RO          478    .text.HAL_RCC_GetPCLK2Freq  stm32g4xx_hal_rcc.o
    0x08001fc2   0x08001fc2   0x00000002   PAD
    0x08001fc4   0x08001fc4   0x00000082   Code   RO          470    .text.HAL_RCC_GetSysClockFreq  stm32g4xx_hal_rcc.o
    0x08002046   0x08002046   0x00000002   PAD
    0x08002048   0x08002048   0x00000484   Code   RO          466    .text.HAL_RCC_OscConfig  stm32g4xx_hal_rcc.o
    0x080024cc   0x080024cc   0x0000002c   Code   RO          852    .text.HAL_SYSTICK_Config  stm32g4xx_hal_cortex.o
    0x080024f8   0x080024f8   0x00000002   Code   RO         1457    .text.HAL_TIMEx_Break2Callback  stm32g4xx_hal_tim_ex.o
    0x080024fa   0x080024fa   0x00000002   PAD
    0x080024fc   0x080024fc   0x00000002   Code   RO         1455    .text.HAL_TIMEx_BreakCallback  stm32g4xx_hal_tim_ex.o
    0x080024fe   0x080024fe   0x00000002   PAD
    0x08002500   0x08002500   0x00000002   Code   RO         1451    .text.HAL_TIMEx_CommutCallback  stm32g4xx_hal_tim_ex.o
    0x08002502   0x08002502   0x00000002   PAD
    0x08002504   0x08002504   0x00000002   Code   RO         1461    .text.HAL_TIMEx_DirectionChangeCallback  stm32g4xx_hal_tim_ex.o
    0x08002506   0x08002506   0x00000002   PAD
    0x08002508   0x08002508   0x00000002   Code   RO         1459    .text.HAL_TIMEx_EncoderIndexCallback  stm32g4xx_hal_tim_ex.o
    0x0800250a   0x0800250a   0x00000002   PAD
    0x0800250c   0x0800250c   0x00000002   Code   RO         1463    .text.HAL_TIMEx_IndexErrorCallback  stm32g4xx_hal_tim_ex.o
    0x0800250e   0x0800250e   0x00000002   PAD
    0x08002510   0x08002510   0x000000cc   Code   RO         1401    .text.HAL_TIMEx_MasterConfigSynchronization  stm32g4xx_hal_tim_ex.o
    0x080025dc   0x080025dc   0x00000002   Code   RO         1465    .text.HAL_TIMEx_TransitionErrorCallback  stm32g4xx_hal_tim_ex.o
    0x080025de   0x080025de   0x00000002   PAD
    0x080025e0   0x080025e0   0x00000062   Code   RO         1106    .text.HAL_TIM_Base_Init  stm32g4xx_hal_tim.o
    0x08002642   0x08002642   0x00000002   PAD
    0x08002644   0x08002644   0x00000044   Code   RO          148    .text.HAL_TIM_Base_MspInit  tim.o
    0x08002688   0x08002688   0x000000a4   Code   RO         1120    .text.HAL_TIM_Base_Start_IT  stm32g4xx_hal_tim.o
    0x0800272c   0x0800272c   0x00000002   Code   RO         1242    .text.HAL_TIM_IC_CaptureCallback  stm32g4xx_hal_tim.o
    0x0800272e   0x0800272e   0x00000002   PAD
    0x08002730   0x08002730   0x000001c6   Code   RO         1240    .text.HAL_TIM_IRQHandler  stm32g4xx_hal_tim.o
    0x080028f6   0x080028f6   0x00000002   PAD
    0x080028f8   0x080028f8   0x0000035a   Code   RO         1252    .text.HAL_TIM_OC_ConfigChannel  stm32g4xx_hal_tim.o
    0x08002c52   0x08002c52   0x00000002   PAD
    0x08002c54   0x08002c54   0x00000002   Code   RO         1244    .text.HAL_TIM_OC_DelayElapsedCallback  stm32g4xx_hal_tim.o
    0x08002c56   0x08002c56   0x00000002   PAD
    0x08002c58   0x08002c58   0x00000062   Code   RO         1134    .text.HAL_TIM_OC_Init  stm32g4xx_hal_tim.o
    0x08002cba   0x08002cba   0x00000002   PAD
    0x08002cbc   0x08002cbc   0x00000044   Code   RO          144    .text.HAL_TIM_OC_MspInit  tim.o
    0x08002d00   0x08002d00   0x000003ee   Code   RO         1260    .text.HAL_TIM_PWM_ConfigChannel  stm32g4xx_hal_tim.o
    0x080030ee   0x080030ee   0x00000002   PAD
    0x080030f0   0x080030f0   0x00000062   Code   RO         1160    .text.HAL_TIM_PWM_Init  stm32g4xx_hal_tim.o
    0x08003152   0x08003152   0x00000002   PAD
    0x08003154   0x08003154   0x00000044   Code   RO          146    .text.HAL_TIM_PWM_MspInit  tim.o
    0x08003198   0x08003198   0x00000002   Code   RO         1246    .text.HAL_TIM_PWM_PulseFinishedCallback  stm32g4xx_hal_tim.o
    0x0800319a   0x0800319a   0x00000002   PAD
    0x0800319c   0x0800319c   0x00000154   Code   RO         1168    .text.HAL_TIM_PWM_Start  stm32g4xx_hal_tim.o
    0x080032f0   0x080032f0   0x00000038   Code   RO           27    .text.HAL_TIM_PeriodElapsedCallback  main.o
    0x08003328   0x08003328   0x00000002   Code   RO         1250    .text.HAL_TIM_TriggerCallback  stm32g4xx_hal_tim.o
    0x0800332a   0x0800332a   0x00000002   PAD
    0x0800332c   0x0800332c   0x00000036   Code   RO         1642    .text.HAL_UARTEx_DisableFifoMode  stm32g4xx_hal_uart_ex.o
    0x08003362   0x08003362   0x00000002   PAD
    0x08003364   0x08003364   0x0000005a   Code   RO           41    .text.HAL_UARTEx_RxEventCallback  main.o
    0x080033be   0x080033be   0x00000002   PAD
    0x080033c0   0x080033c0   0x00000002   Code   RO         1628    .text.HAL_UARTEx_RxFifoFullCallback  stm32g4xx_hal_uart_ex.o
    0x080033c2   0x080033c2   0x00000002   PAD
    0x080033c4   0x080033c4   0x00000092   Code   RO         1646    .text.HAL_UARTEx_SetRxFifoThreshold  stm32g4xx_hal_uart_ex.o
    0x08003456   0x08003456   0x00000002   PAD
    0x08003458   0x08003458   0x00000092   Code   RO         1644    .text.HAL_UARTEx_SetTxFifoThreshold  stm32g4xx_hal_uart_ex.o
    0x080034ea   0x080034ea   0x00000002   PAD
    0x080034ec   0x080034ec   0x00000002   Code   RO         1630    .text.HAL_UARTEx_TxFifoEmptyCallback  stm32g4xx_hal_uart_ex.o
    0x080034ee   0x080034ee   0x00000002   PAD
    0x080034f0   0x080034f0   0x00000002   Code   RO         1626    .text.HAL_UARTEx_WakeupCallback  stm32g4xx_hal_uart_ex.o
    0x080034f2   0x080034f2   0x00000002   PAD
    0x080034f4   0x080034f4   0x0000010e   Code   RO         1536    .text.HAL_UART_DMAStop  stm32g4xx_hal_uart.o
    0x08003602   0x08003602   0x00000002   PAD
    0x08003604   0x08003604   0x00000002   Code   RO         1568    .text.HAL_UART_ErrorCallback  stm32g4xx_hal_uart.o
    0x08003606   0x08003606   0x00000002   PAD
    0x08003608   0x08003608   0x000003ae   Code   RO         1564    .text.HAL_UART_IRQHandler  stm32g4xx_hal_uart.o
    0x080039b6   0x080039b6   0x00000002   PAD
    0x080039b8   0x080039b8   0x00000062   Code   RO         1480    .text.HAL_UART_Init  stm32g4xx_hal_uart.o
    0x08003a1a   0x08003a1a   0x00000002   PAD
    0x08003a1c   0x08003a1c   0x000001e2   Code   RO          175    .text.HAL_UART_MspInit  usart.o
    0x08003bfe   0x08003bfe   0x00000002   PAD
    0x08003c00   0x08003c00   0x00000102   Code   RO         1528    .text.HAL_UART_Receive_DMA  stm32g4xx_hal_uart.o
    0x08003d02   0x08003d02   0x00000002   PAD
    0x08003d04   0x08003d04   0x00000002   Code   RO         1576    .text.HAL_UART_RxCpltCallback  stm32g4xx_hal_uart.o
    0x08003d06   0x08003d06   0x00000002   PAD
    0x08003d08   0x08003d08   0x00000002   Code   RO         1578    .text.HAL_UART_RxHalfCpltCallback  stm32g4xx_hal_uart.o
    0x08003d0a   0x08003d0a   0x00000002   PAD
    0x08003d0c   0x08003d0c   0x00000104   Code   RO         1500    .text.HAL_UART_Transmit  stm32g4xx_hal_uart.o
    0x08003e10   0x08003e10   0x000000aa   Code   RO         1520    .text.HAL_UART_Transmit_DMA  stm32g4xx_hal_uart.o
    0x08003eba   0x08003eba   0x00000002   PAD
    0x08003ebc   0x08003ebc   0x00000002   Code   RO         1572    .text.HAL_UART_TxCpltCallback  stm32g4xx_hal_uart.o
    0x08003ebe   0x08003ebe   0x00000002   PAD
    0x08003ec0   0x08003ec0   0x00000002   Code   RO         1574    .text.HAL_UART_TxHalfCpltCallback  stm32g4xx_hal_uart.o
    0x08003ec2   0x08003ec2   0x00000002   PAD
    0x08003ec4   0x08003ec4   0x00000002   Code   RO          195    .text.HardFault_Handler  stm32g4xx_it.o
    0x08003ec6   0x08003ec6   0x00000002   PAD
    0x08003ec8   0x08003ec8   0x0000008c   Code   RO           82    .text.MX_ADC2_Init  adc.o
    0x08003f54   0x08003f54   0x00000026   Code   RO           97    .text.MX_CORDIC_Init  cordic.o
    0x08003f7a   0x08003f7a   0x00000002   PAD
    0x08003f7c   0x08003f7c   0x00000076   Code   RO          112    .text.MX_DMA_Init   dma.o
    0x08003ff2   0x08003ff2   0x00000002   PAD
    0x08003ff4   0x08003ff4   0x000000da   Code   RO           73    .text.MX_GPIO_Init  gpio.o
    0x080040ce   0x080040ce   0x00000002   PAD
    0x080040d0   0x080040d0   0x0000006c   Code   RO          121    .text.MX_I2C1_Init  i2c.o
    0x0800413c   0x0800413c   0x00000086   Code   RO          136    .text.MX_TIM3_Init  tim.o
    0x080041c2   0x080041c2   0x00000002   PAD
    0x080041c4   0x080041c4   0x000000fe   Code   RO          138    .text.MX_TIM4_Init  tim.o
    0x080042c2   0x080042c2   0x00000002   PAD
    0x080042c4   0x080042c4   0x00000056   Code   RO          142    .text.MX_TIM6_Init  tim.o
    0x0800431a   0x0800431a   0x00000002   PAD
    0x0800431c   0x0800431c   0x0000008c   Code   RO          171    .text.MX_USART1_UART_Init  usart.o
    0x080043a8   0x080043a8   0x00000082   Code   RO          173    .text.MX_USART2_UART_Init  usart.o
    0x0800442a   0x0800442a   0x00000002   PAD
    0x0800442c   0x0800442c   0x00000002   Code   RO          197    .text.MemManage_Handler  stm32g4xx_it.o
    0x0800442e   0x0800442e   0x00000002   PAD
    0x08004430   0x08004430   0x00000af8   Code   RO           29    .text.Motion_State_Machine_Handler  main.o
    0x08004f28   0x08004f28   0x00000002   Code   RO          193    .text.NMI_Handler   stm32g4xx_it.o
    0x08004f2a   0x08004f2a   0x00000002   PAD
    0x08004f2c   0x08004f2c   0x00000002   Code   RO          207    .text.PendSV_Handler  stm32g4xx_it.o
    0x08004f2e   0x08004f2e   0x00000002   PAD
    0x08004f30   0x08004f30   0x00000002   Code   RO          203    .text.SVC_Handler   stm32g4xx_it.o
    0x08004f32   0x08004f32   0x00000002   PAD
    0x08004f34   0x08004f34   0x00000004   Code   RO          209    .text.SysTick_Handler  stm32g4xx_it.o
    0x08004f38   0x08004f38   0x00000012   Code   RO         1665    .text.SystemInit    system_stm32g4xx.o
    0x08004f4a   0x08004f4a   0x00000002   PAD
    0x08004f4c   0x08004f4c   0x0000000c   Code   RO          221    .text.TIM3_IRQHandler  stm32g4xx_it.o
    0x08004f58   0x08004f58   0x00000016   Code   RO          223    .text.TIM4_IRQHandler  stm32g4xx_it.o
    0x08004f6e   0x08004f6e   0x00000002   PAD
    0x08004f70   0x08004f70   0x0000000c   Code   RO          229    .text.TIM6_DAC_IRQHandler  stm32g4xx_it.o
    0x08004f7c   0x08004f7c   0x00000138   Code   RO         1110    .text.TIM_Base_SetConfig  stm32g4xx_hal_tim.o
    0x080050b4   0x080050b4   0x000000e6   Code   RO         1484    .text.UART_AdvFeatureConfig  stm32g4xx_hal_uart.o
    0x0800519a   0x0800519a   0x00000002   PAD
    0x0800519c   0x0800519c   0x000000be   Code   RO         1488    .text.UART_CheckIdleState  stm32g4xx_hal_uart.o
    0x0800525a   0x0800525a   0x00000002   PAD
    0x0800525c   0x0800525c   0x0000000c   Code   RO         1566    .text.UART_DMAAbortOnError  stm32g4xx_hal_uart.o
    0x08005268   0x08005268   0x000000c8   Code   RO         1526    .text.UART_DMAError  stm32g4xx_hal_uart.o
    0x08005330   0x08005330   0x00000082   Code   RO         1610    .text.UART_DMAReceiveCplt  stm32g4xx_hal_uart.o
    0x080053b2   0x080053b2   0x00000002   PAD
    0x080053b4   0x080053b4   0x0000001a   Code   RO         1612    .text.UART_DMARxHalfCplt  stm32g4xx_hal_uart.o
    0x080053ce   0x080053ce   0x00000002   PAD
    0x080053d0   0x080053d0   0x0000003e   Code   RO         1522    .text.UART_DMATransmitCplt  stm32g4xx_hal_uart.o
    0x0800540e   0x0800540e   0x00000002   PAD
    0x08005410   0x08005410   0x00000006   Code   RO         1524    .text.UART_DMATxHalfCplt  stm32g4xx_hal_uart.o
    0x08005416   0x08005416   0x00000002   PAD
    0x08005418   0x08005418   0x000002c0   Code   RO         1486    .text.UART_SetConfig  stm32g4xx_hal_uart.o
    0x080056d8   0x080056d8   0x0000013e   Code   RO         1502    .text.UART_WaitOnFlagUntilTimeout  stm32g4xx_hal_uart.o
    0x08005816   0x08005816   0x00000002   PAD
    0x08005818   0x08005818   0x0000004a   Code   RO          225    .text.USART1_IRQHandler  stm32g4xx_it.o
    0x08005862   0x08005862   0x00000002   PAD
    0x08005864   0x08005864   0x0000000c   Code   RO          227    .text.USART2_IRQHandler  stm32g4xx_it.o
    0x08005870   0x08005870   0x000001f0   Code   RO           39    .text.Update_Motion_Parameters  main.o
    0x08005a60   0x08005a60   0x00000002   Code   RO          201    .text.UsageFault_Handler  stm32g4xx_it.o
    0x08005a62   0x08005a62   0x00000002   PAD
    0x08005a64   0x08005a64   0x00000020   Code   RO          167    .text.fputc         usart.o
    0x08005a84   0x08005a84   0x00000328   Code   RO           11    .text.main          main.o
    0x08005dac   0x08005dac   0x000001cc   Code   RO           19    .text.parse_sbus_frame  main.o
    0x08005f78   0x08005f78   0x00000020   Code   RO         1931    i.__0printf         mc_w.l(printfa.o)
    0x08005f98   0x08005f98   0x00000034   Code   RO         1932    i.__0snprintf       mc_w.l(printfa.o)
    0x08005fcc   0x08005fcc   0x000000b0   Code   RO         1679    i.__hardfp_fmodf    m_wm.l(fmodf.o)
    0x0800607c   0x0800607c   0x00000010   Code   RO         1964    i.__mathlib_flt_invalid  m_wm.l(funder.o)
    0x0800608c   0x0800608c   0x0000000e   Code   RO         2035    i.__scatterload_copy  mc_w.l(handlers.o)
    0x0800609a   0x0800609a   0x00000002   Code   RO         2036    i.__scatterload_null  mc_w.l(handlers.o)
    0x0800609c   0x0800609c   0x0000000e   Code   RO         2037    i.__scatterload_zeroinit  mc_w.l(handlers.o)
    0x080060aa   0x080060aa   0x00000002   PAD
    0x080060ac   0x080060ac   0x0000000c   Code   RO         2007    i.__set_errno       mc_w.l(errno.o)
    0x080060b8   0x080060b8   0x00000184   Code   RO         1938    i._fp_digits        mc_w.l(printfa.o)
    0x0800623c   0x0800623c   0x000006dc   Code   RO         1939    i._printf_core      mc_w.l(printfa.o)
    0x08006918   0x08006918   0x00000024   Code   RO         1940    i._printf_post_padding  mc_w.l(printfa.o)
    0x0800693c   0x0800693c   0x0000002e   Code   RO         1941    i._printf_pre_padding  mc_w.l(printfa.o)
    0x0800696a   0x0800696a   0x00000016   Code   RO         1942    i._snputc           mc_w.l(printfa.o)
    0x08006980   0x08006980   0x00000024   Code   RO         1688    i.puts              mc_w.l(puts.o)
    0x080069a4   0x080069a4   0x00000010   Data   RO         1670    .rodata.AHBPrescTable  system_stm32g4xx.o
    0x080069b4   0x080069b4   0x00000008   Data   RO         1671    .rodata.APBPrescTable  system_stm32g4xx.o
    0x080069bc   0x080069bc   0x00000018   Data   RO         1614    .rodata.UARTPrescTable  stm32g4xx_hal_uart.o
    0x080069d4   0x080069d4   0x00000010   Data   RO         1615    .rodata.cst16       stm32g4xx_hal_uart.o
    0x080069e4   0x080069e4   0x00000010   Data   RO         1656    .rodata.cst8        stm32g4xx_hal_uart_ex.o
    0x080069f4   0x080069f4   0x00000043   Data   RO           60    .rodata.str1.1      main.o
    0x08006a37   0x08006a37   0x00000001   PAD
    0x08006a38   0x08006a38   0x00000036   Data   RO           61    .rodata.str1.4      main.o
    0x08006a6e   0x08006a6e   0x00000002   PAD
    0x08006a70   0x08006a70   0x00000020   Data   RO         2034    Region$$Table       anon$$obj.o


    Execution Region RW_IRAM1 (Exec base: 0x20000000, Load base: 0x08006a90, Size: 0x000009a8, Max: 0x0001c000, ABSOLUTE)

    Exec Addr    Load Addr    Size         Type   Attr      Idx    E Section Name        Object

    0x20000000   0x08006a90   0x00000004   Data   RW         1989    .data               mc_w.l(stdout.o)
    0x20000004   0x08006a94   0x00000004   Data   RW         2008    .data               mc_w.l(errno.o)
    0x20000008   0x08006a98   0x00000004   Data   RW         1669    .data.SystemCoreClock  system_stm32g4xx.o
    0x2000000c   0x08006a9c   0x00000002   Data   RW           63    .data.last_n_value  main.o
    0x2000000e   0x08006a9e   0x00000002   PAD
    0x20000010   0x08006aa0   0x00000004   Data   RW          454    .data.uwTickFreq    stm32g4xx_hal.o
    0x20000014   0x08006aa4   0x00000004   Data   RW          453    .data.uwTickPrio    stm32g4xx_hal.o
    0x20000018        -       0x00000001   Zero   RW           53    .bss.ch5_last_state  main.o
    0x20000019   0x08006aa8   0x00000003   PAD
    0x2000001c        -       0x00000014   Zero   RW           55    .bss.current_params  main.o
    0x20000030        -       0x0000006c   Zero   RW           88    .bss.hadc2          adc.o
    0x2000009c        -       0x00000028   Zero   RW          103    .bss.hcordic        cordic.o
    0x200000c4        -       0x00000060   Zero   RW          181    .bss.hdma_usart1_rx  usart.o
    0x20000124        -       0x00000060   Zero   RW          182    .bss.hdma_usart1_tx  usart.o
    0x20000184        -       0x00000060   Zero   RW          183    .bss.hdma_usart2_rx  usart.o
    0x200001e4        -       0x00000060   Zero   RW          184    .bss.hdma_usart2_tx  usart.o
    0x20000244        -       0x00000054   Zero   RW          127    .bss.hi2c1          i2c.o
    0x20000298        -       0x00000004   Zero   RW           51    .bss.homing_delay_cnt  main.o
    0x2000029c        -       0x0000004c   Zero   RW          156    .bss.htim3          tim.o
    0x200002e8        -       0x0000004c   Zero   RW          157    .bss.htim4          tim.o
    0x20000334        -       0x0000004c   Zero   RW          158    .bss.htim6          tim.o
    0x20000380        -       0x00000094   Zero   RW          180    .bss.huart1         usart.o
    0x20000414        -       0x00000094   Zero   RW          179    .bss.huart2         usart.o
    0x200004a8        -       0x00000004   Zero   RW           62    .bss.last_update_time  main.o
    0x200004ac        -       0x00000014   Zero   RW           56    .bss.new_params     main.o
    0x200004c0        -       0x00000001   Zero   RW           49    .bss.params_updated  main.o
    0x200004c1   0x08006aa8   0x00000003   PAD
    0x200004c4        -       0x00000004   Zero   RW           59    .bss.parse_sbus_frame.last_send_time  main.o
    0x200004c8        -       0x00000080   Zero   RW           58    .bss.parse_sbus_frame.msg  main.o
    0x20000548        -       0x00000042   Zero   RW           54    .bss.sbus           main.o
    0x2000058a        -       0x00000001   Zero   RW           52    .bss.servo_enable_flag  main.o
    0x2000058b        -       0x00000001   Zero   RW           47    .bss.system_state   main.o
    0x2000058c        -       0x00000002   Zero   RW           48    .bss.t_counter      main.o
    0x2000058e        -       0x00000001   Zero   RW           50    .bss.transition_active  main.o
    0x2000058f   0x08006aa8   0x00000001   PAD
    0x20000590        -       0x00000014   Zero   RW           57    .bss.transition_params  main.o
    0x200005a4        -       0x00000004   Zero   RW          455    .bss.uwTick         stm32g4xx_hal.o
    0x200005a8        -       0x00000400   Zero   RW            1    STACK               startup_stm32g4a1xx.o


==============================================================================

Image component sizes


      Code (inc. data)   RO Data    RW Data    ZI Data      Debug   Object Name

       280          0          0          0        108       7181   adc.o
        82          0          0          0         40       4433   cordic.o
       118          0          0          0          0       3792   dma.o
       218          0          0          0          0       4390   gpio.o
       306          0          0          0         84       6751   i2c.o
      4728        256        121          2        273      22683   main.o
        36          8        472          0       1024        848   startup_stm32g4a1xx.o
       198          0          0          8          4       9194   stm32g4xx_hal.o
      1418          0          0          0          0      25007   stm32g4xx_hal_adc.o
        58          0          0          0          0      10165   stm32g4xx_hal_cordic.o
       196          0          0          0          0      10755   stm32g4xx_hal_cortex.o
       912          0          0          0          0       8896   stm32g4xx_hal_dma.o
       452          0          0          0          0       5242   stm32g4xx_hal_gpio.o
       168          0          0          0          0      63843   stm32g4xx_hal_i2c.o
       146          0          0          0          0       6588   stm32g4xx_hal_i2c_ex.o
        52          0          0          0          0       1790   stm32g4xx_hal_msp.o
       260          0          0          0          0       9531   stm32g4xx_hal_pwr_ex.o
      2156          0          0          0          0      10111   stm32g4xx_hal_rcc.o
       784          0          0          0          0      11000   stm32g4xx_hal_rcc_ex.o
      3436         28          0          0          0      62782   stm32g4xx_hal_tim.o
       218          0          0          0          0      30741   stm32g4xx_hal_tim_ex.o
      3886         46         40          0          0      36446   stm32g4xx_hal_uart.o
       352          0         16          0          0      10952   stm32g4xx_hal_uart_ex.o
       206          0          0          0          0       7871   stm32g4xx_it.o
        18          0         24          4          0       2817   system_stm32g4xx.o
       678          0          0          0        228      10535   tim.o
       784          0          0          0        680      10041   usart.o

    ----------------------------------------------------------------------
     22312        338        708         16       2448     394385   Object Totals
         0          0         32          0          0          0   (incl. Generated)
       166          0          3          2          7          0   (incl. Padding)

    ----------------------------------------------------------------------

      Code (inc. data)   RO Data    RW Data    ZI Data      Debug   Library Member Name

       176          0          0          0          0        168   fmodf.o
        16          6          0          0          0        116   funder.o
         0          0          0          0          0          0   entry.o
         0          0          0          0          0          0   entry10a.o
         0          0          0          0          0          0   entry11a.o
         8          4          0          0          0          0   entry2.o
         4          0          0          0          0          0   entry5.o
         0          0          0          0          0          0   entry7b.o
         0          0          0          0          0          0   entry8b.o
         8          4          0          0          0          0   entry9a.o
        12          6          0          4          0         68   errno.o
        30          0          0          0          0          0   handlers.o
        48         10          0          0          0         68   init.o
         0          0          0          0          0          0   iusefp.o
        30          0          0          0          0         68   llshl.o
        36          0          0          0          0         68   llsshr.o
        32          0          0          0          0         68   llushr.o
        36          0          0          0          0        108   memseta.o
      2332         94          0          0          0        608   printfa.o
        36          6          0          0          0         80   puts.o
         0          0          0          4          0          0   stdout.o
        14          0          0          0          0         68   strlen.o
        44          0          0          0          0         80   uidiv.o
        98          0          0          0          0         92   uldiv.o
        48          0          0          0          0         68   cdrcmple.o
       334          0          0          0          0        148   dadd.o
       222          0          0          0          0        100   ddiv.o
       186          0          0          0          0        176   depilogue.o
        48          0          0          0          0         68   dfixul.o
       228          0          0          0          0         96   dmul.o
        38          0          0          0          0         68   f2d.o
       110          0          0          0          0        168   fepilogue.o
        82          0          0          0          0         96   frem.o

    ----------------------------------------------------------------------
      4260        130          0          8          0       2648   Library Totals
         4          0          0          0          0          0   (incl. Padding)

    ----------------------------------------------------------------------

      Code (inc. data)   RO Data    RW Data    ZI Data      Debug   Library Name

       192          6          0          0          0        284   m_wm.l
      2768        124          0          8          0       1376   mc_w.l
      1296          0          0          0          0        988   mf_w.l

    ----------------------------------------------------------------------
      4260        130          0          8          0       2648   Library Totals

    ----------------------------------------------------------------------

==============================================================================


      Code (inc. data)   RO Data    RW Data    ZI Data      Debug   

     26572        468        708         24       2448     395441   Grand Totals
     26572        468        708         24       2448     395441   ELF Image Totals
     26572        468        708         24          0          0   ROM Totals

==============================================================================

    Total RO  Size (Code + RO Data)                27280 (  26.64kB)
    Total RW  Size (RW Data + ZI Data)              2472 (   2.41kB)
    Total ROM Size (Code + RO Data + RW Data)      27304 (  26.66kB)

==============================================================================

