<html>
<body>
<pre>
<h1>礦ision Build Log</h1>
<h2>Tool Versions:</h2>
IDE-Version: μVision V5.43.1.0
Copyright (C) 2025 ARM Ltd and ARM Germany GmbH. All rights reserved.
License Information: Wang Zixu, Chongqing University, LIC=76F5U-SWKII-PCRJ8-35YH6-PP112-5MZLX
 
Tool Versions:
Toolchain:       MDK-ARM Plus  Version: 5.43.0.0
Toolchain Path:  C:\Users\pawn-\AppData\Local\Keil_v5\ARM\ARMCLANG\Bin
C Compiler:      ArmClang.exe V6.24
Assembler:       Armasm.exe V6.24
Linker/Locator:  ArmLink.exe V6.24
Library Manager: ArmAr.exe V6.24
Hex Converter:   FromElf.exe V6.24
CPU DLL:         SARMCM3.DLL V5.43.0.0
Dialog DLL:      DCM.DLL V1.17.5.0
Target DLL:      STLink\ST-LINKIII-KEIL_SWO.dll V3.3.1.0
Dialog DLL:      TCM.DLL V1.56.6.0
 
<h2>Project:</h2>
C:\Users\pawn-\Desktop\12.23,蝴蝶飞控程序（接收机版）\MDK-ARM\25-10-15_G431KEU6_control_program.uvprojx
Project File Date:  12/21/2025

<h2>Output:</h2>
*** Using Compiler 'V6.24', folder: 'C:\Users\pawn-\AppData\Local\Keil_v5\ARM\ARMCLANG\Bin'
Rebuild target '25-10-15_G431KEU6_control_program'
assembling startup_stm32g4a1xx.s...
compiling i2c.c...
compiling stm32g4xx_hal_dma_ex.c...
compiling stm32g4xx_hal_gpio.c...
compiling cordic.c...
compiling stm32g4xx_hal_flash_ramfunc.c...
compiling stm32g4xx_hal_dma.c...
compiling stm32g4xx_hal_pwr_ex.c...
compiling stm32g4xx_ll_adc.c...
compiling gpio.c...
compiling dma.c...
compiling stm32g4xx_hal_cortex.c...
compiling usart.c...
compiling stm32g4xx_hal_exti.c...
compiling adc.c...
compiling stm32g4xx_it.c...
compiling stm32g4xx_hal_msp.c...
compiling stm32g4xx_hal_i2c_ex.c...
compiling stm32g4xx_hal_rcc.c...
compiling stm32g4xx_hal_rcc_ex.c...
compiling stm32g4xx_hal_pwr.c...
compiling tim.c...
compiling system_stm32g4xx.c...
compiling stm32g4xx_hal_flash.c...
compiling stm32g4xx_hal.c...
compiling stm32g4xx_hal_adc_ex.c...
compiling stm32g4xx_hal_flash_ex.c...
compiling stm32g4xx_hal_cordic.c...
compiling stm32g4xx_hal_uart_ex.c...
../Core/Src/main.c(455): warning: label followed by a declaration is a C23 extension [-Wc23-extensions]
  455 |           float phi_servo_zero1 = 20.0f; 
      |           ^
1 warning generated.
compiling main.c...
compiling stm32g4xx_hal_adc.c...
compiling stm32g4xx_hal_tim_ex.c...
compiling stm32g4xx_hal_uart.c...
compiling stm32g4xx_hal_tim.c...
compiling stm32g4xx_hal_i2c.c...
linking...
Program Size: Code=26572 RO-data=708 RW-data=24 ZI-data=2448  
FromELF: creating hex file...
"25-10-15_G431KEU6_control_program\25-10-15_G431KEU6_control_program.axf" - 0 Error(s), 1 Warning(s).

<h2>Software Packages used:</h2>

Package Vendor: ARM
                https://www.keil.com/pack/ARM.CMSIS.6.2.0.pack
                ARM::CMSIS@6.2.0
                CMSIS (Common Microcontroller Software Interface Standard)
   * Component: CORE Version: 6.1.1

Package Vendor: Keil
                https://www.keil.com/pack/Keil.STM32G4xx_DFP.2.1.0.pack
                Keil::STM32G4xx_DFP@2.1.0
                STMicroelectronics STM32G4 Series Device Support

<h2>Collection of Component include folders:</h2>
  ./RTE/_25-10-15_G431KEU6_control_program
  C:/Users/pawn-/AppData/Local/Arm/Packs/ARM/CMSIS/6.2.0/CMSIS/Core/Include

<h2>Collection of Component Files used:</h2>

   * Component: ARM::CMSIS:CORE@6.1.1
      Include file:  CMSIS/Core/Include/tz_context.h
Build Time Elapsed:  00:00:05
</pre>
</body>
</html>
